Archive member included to satisfy reference by file (symbol)

/usr/lib/gcc/arm-none-eabi/10.3.1/thumb/v6-m/nofp/libgcc.a(_dvmd_tls.o)
                              CMakeFiles/picosserial.dir/home/olivier/pico/pico-sdk/src/rp2_common/pico_divider/divider.S.obj (__aeabi_idiv0)
/usr/lib/gcc/arm-none-eabi/10.3.1/../../../arm-none-eabi/lib/thumb/v6-m/nofp/libg.a(lib_a-atexit.o)
                              /usr/lib/gcc/arm-none-eabi/10.3.1/../../../arm-none-eabi/lib/thumb/v6-m/nofp/crt0.o (atexit)
/usr/lib/gcc/arm-none-eabi/10.3.1/../../../arm-none-eabi/lib/thumb/v6-m/nofp/libg.a(lib_a-calloc.o)
                              CMakeFiles/picosserial.dir/home/olivier/pico/pico-sdk/src/rp2_common/pico_malloc/pico_malloc.c.obj (calloc)
/usr/lib/gcc/arm-none-eabi/10.3.1/../../../arm-none-eabi/lib/thumb/v6-m/nofp/libg.a(lib_a-callocr.o)
                              /usr/lib/gcc/arm-none-eabi/10.3.1/../../../arm-none-eabi/lib/thumb/v6-m/nofp/libg.a(lib_a-calloc.o) (_calloc_r)
/usr/lib/gcc/arm-none-eabi/10.3.1/../../../arm-none-eabi/lib/thumb/v6-m/nofp/libg.a(lib_a-fini.o)
                              /usr/lib/gcc/arm-none-eabi/10.3.1/../../../arm-none-eabi/lib/thumb/v6-m/nofp/crt0.o (__libc_fini_array)
/usr/lib/gcc/arm-none-eabi/10.3.1/../../../arm-none-eabi/lib/thumb/v6-m/nofp/libg.a(lib_a-impure.o)
                              /usr/lib/gcc/arm-none-eabi/10.3.1/../../../arm-none-eabi/lib/thumb/v6-m/nofp/libg.a(lib_a-calloc.o) (_impure_ptr)
/usr/lib/gcc/arm-none-eabi/10.3.1/../../../arm-none-eabi/lib/thumb/v6-m/nofp/libg.a(lib_a-init.o)
                              /usr/lib/gcc/arm-none-eabi/10.3.1/../../../arm-none-eabi/lib/thumb/v6-m/nofp/crt0.o (__libc_init_array)
/usr/lib/gcc/arm-none-eabi/10.3.1/../../../arm-none-eabi/lib/thumb/v6-m/nofp/libg.a(lib_a-malloc.o)
                              CMakeFiles/picosserial.dir/home/olivier/pico/pico-sdk/src/rp2_common/pico_malloc/pico_malloc.c.obj (malloc)
/usr/lib/gcc/arm-none-eabi/10.3.1/../../../arm-none-eabi/lib/thumb/v6-m/nofp/libg.a(lib_a-mallocr.o)
                              /usr/lib/gcc/arm-none-eabi/10.3.1/../../../arm-none-eabi/lib/thumb/v6-m/nofp/libg.a(lib_a-callocr.o) (_malloc_r)
/usr/lib/gcc/arm-none-eabi/10.3.1/../../../arm-none-eabi/lib/thumb/v6-m/nofp/libg.a(lib_a-mlock.o)
                              /usr/lib/gcc/arm-none-eabi/10.3.1/../../../arm-none-eabi/lib/thumb/v6-m/nofp/libg.a(lib_a-mallocr.o) (__malloc_lock)
/usr/lib/gcc/arm-none-eabi/10.3.1/../../../arm-none-eabi/lib/thumb/v6-m/nofp/libg.a(lib_a-realloc.o)
                              CMakeFiles/picosserial.dir/home/olivier/pico/pico-sdk/src/rp2_common/pico_malloc/pico_malloc.c.obj (realloc)
/usr/lib/gcc/arm-none-eabi/10.3.1/../../../arm-none-eabi/lib/thumb/v6-m/nofp/libg.a(lib_a-reallocr.o)
                              /usr/lib/gcc/arm-none-eabi/10.3.1/../../../arm-none-eabi/lib/thumb/v6-m/nofp/libg.a(lib_a-realloc.o) (_realloc_r)
/usr/lib/gcc/arm-none-eabi/10.3.1/../../../arm-none-eabi/lib/thumb/v6-m/nofp/libg.a(lib_a-sbrkr.o)
                              /usr/lib/gcc/arm-none-eabi/10.3.1/../../../arm-none-eabi/lib/thumb/v6-m/nofp/libg.a(lib_a-mallocr.o) (_sbrk_r)
/usr/lib/gcc/arm-none-eabi/10.3.1/../../../arm-none-eabi/lib/thumb/v6-m/nofp/libg.a(lib_a-strlen-stub.o)
                              CMakeFiles/picosserial.dir/home/olivier/pico/pico-sdk/src/rp2_common/pico_stdio/stdio.c.obj (strlen)
/usr/lib/gcc/arm-none-eabi/10.3.1/../../../arm-none-eabi/lib/thumb/v6-m/nofp/libg.a(lib_a-__atexit.o)
                              /usr/lib/gcc/arm-none-eabi/10.3.1/../../../arm-none-eabi/lib/thumb/v6-m/nofp/libg.a(lib_a-atexit.o) (__register_exitproc)
/usr/lib/gcc/arm-none-eabi/10.3.1/../../../arm-none-eabi/lib/thumb/v6-m/nofp/libg.a(lib_a-freer.o)
                              /usr/lib/gcc/arm-none-eabi/10.3.1/../../../arm-none-eabi/lib/thumb/v6-m/nofp/libg.a(lib_a-malloc.o) (_free_r)
/usr/lib/gcc/arm-none-eabi/10.3.1/../../../arm-none-eabi/lib/thumb/v6-m/nofp/libg.a(lib_a-memmove.o)
                              /usr/lib/gcc/arm-none-eabi/10.3.1/../../../arm-none-eabi/lib/thumb/v6-m/nofp/libg.a(lib_a-reallocr.o) (memmove)
/usr/lib/gcc/arm-none-eabi/10.3.1/../../../arm-none-eabi/lib/thumb/v6-m/nofp/libg.a(lib_a-reent.o)
                              /usr/lib/gcc/arm-none-eabi/10.3.1/../../../arm-none-eabi/lib/thumb/v6-m/nofp/libg.a(lib_a-sbrkr.o) (errno)

Discarded input sections

 .text          0x0000000000000000        0x0 /usr/lib/gcc/arm-none-eabi/10.3.1/thumb/v6-m/nofp/crti.o
 .data          0x0000000000000000        0x0 /usr/lib/gcc/arm-none-eabi/10.3.1/thumb/v6-m/nofp/crti.o
 .bss           0x0000000000000000        0x0 /usr/lib/gcc/arm-none-eabi/10.3.1/thumb/v6-m/nofp/crti.o
 .data          0x0000000000000000        0x4 /usr/lib/gcc/arm-none-eabi/10.3.1/thumb/v6-m/nofp/crtbegin.o
 .rodata        0x0000000000000000       0x24 /usr/lib/gcc/arm-none-eabi/10.3.1/thumb/v6-m/nofp/crtbegin.o
[...]
Memory Configuration

Name             Origin             Length             Attributes
FLASH            0x0000000010000000 0x0000000000200000 xr
RAM              0x0000000020000000 0x0000000000040000 xrw
SCRATCH_X        0x0000000020040000 0x0000000000001000 xrw
SCRATCH_Y        0x0000000020041000 0x0000000000001000 xrw
*default*        0x0000000000000000 0xffffffffffffffff

Linker script and memory map

LOAD /usr/lib/gcc/arm-none-eabi/10.3.1/thumb/v6-m/nofp/crti.o
LOAD /usr/lib/gcc/arm-none-eabi/10.3.1/thumb/v6-m/nofp/crtbegin.o
LOAD /usr/lib/gcc/arm-none-eabi/10.3.1/../../../arm-none-eabi/lib/thumb/v6-m/nofp/crt0.o

.flash_begin    0x0000000010000000        0x0
                0x0000000010000000                __flash_binary_start = .

.boot2          0x0000000010000000      0x100
                0x0000000010000000                __boot2_start__ = .
 *(.boot2)
 .boot2         0x0000000010000000      0x100 /tmp/ccFSO7HJ.o
                0x0000000010000100                __boot2_end__ = .
                0x0000000000000001                ASSERT (((__boot2_end__ - __boot2_start__) == 0x100), ERROR: Pico second stage bootloader must be 256 bytes in size)

.text           0x0000000010000100     0x5018
                0x0000000010000100                __logical_binary_start = .
 *(.vectors)
 .vectors       0x0000000010000100       0xd4 CMakeFiles/picosserial.dir/home/olivier/pico/pico-sdk/src/rp2_common/pico_standard_link/crt0.S.obj
                0x0000000010000100                __vectors
                0x0000000010000100                __VECTOR_TABLE
                0x00000000100001c0                isr_invalid
                0x00000000100001c0                __default_isrs_start
                0x00000000100001c2                isr_nmi
                0x00000000100001c4                isr_hardfault
                0x00000000100001c6                isr_svcall
                0x00000000100001c8                isr_pendsv
                0x00000000100001ca                isr_systick
                0x00000000100001cc                isr_irq30
                0x00000000100001cc                __unhandled_user_irq
                0x00000000100001cc                isr_irq13
                0x00000000100001cc                isr_irq27
                0x00000000100001cc                isr_irq31
                0x00000000100001cc                isr_irq5
                0x00000000100001cc                isr_irq11
                0x00000000100001cc                isr_irq23
                0x00000000100001cc                isr_irq18
                0x00000000100001cc                isr_irq28
                0x00000000100001cc                isr_irq19
                0x00000000100001cc                isr_irq0
                0x00000000100001cc                isr_irq6
                0x00000000100001cc                isr_irq22
                0x00000000100001cc                isr_irq17
                0x00000000100001cc                isr_irq14
                0x00000000100001cc                isr_irq2
                0x00000000100001cc                isr_irq10
                0x00000000100001cc                isr_irq8
                0x00000000100001cc                isr_irq24
                0x00000000100001cc                isr_irq1
                0x00000000100001cc                isr_irq7
                0x00000000100001cc                isr_irq21
                0x00000000100001cc                isr_irq20
                0x00000000100001cc                isr_irq15
                0x00000000100001cc                isr_irq25
                0x00000000100001cc                isr_irq4
                0x00000000100001cc                isr_irq16
                0x00000000100001cc                isr_irq29
                0x00000000100001cc                isr_irq26
                0x00000000100001cc                __default_isrs_end
                0x00000000100001cc                isr_irq3
                0x00000000100001cc                isr_irq12
                0x00000000100001cc                isr_irq9
                0x00000000100001d2                unhandled_user_irq_num_in_r0
 *(.binary_info_header)
 .binary_info_header
                0x00000000100001d4       0x14 CMakeFiles/picosserial.dir/home/olivier/pico/pico-sdk/src/rp2_common/pico_standard_link/crt0.S.obj
                0x00000000100001e8                __binary_info_header_end = .
 *(.reset)
 .reset         0x00000000100001e8       0xa0 CMakeFiles/picosserial.dir/home/olivier/pico/pico-sdk/src/rp2_common/pico_standard_link/crt0.S.obj
                0x00000000100001e8                _entry_point
 .reset         0x0000000010000288       0x30 CMakeFiles/picosserial.dir/home/olivier/pico/pico-sdk/src/rp2_common/pico_standard_link/binary_info.c.obj
 *(.init)
 .init          0x00000000100002b8        0x4 /usr/lib/gcc/arm-none-eabi/10.3.1/thumb/v6-m/nofp/crti.o
                0x00000000100002b8                _init
 *(EXCLUDE_FILE(*libm.a: *libc.a:*lib_a-mem*.o *libgcc.a:) .text*)
 .text          0x00000000100002bc       0x98 /usr/lib/gcc/arm-none-eabi/10.3.1/thumb/v6-m/nofp/crtbegin.o
 .text.timer_irq
                0x0000000010000354       0x24 CMakeFiles/picosserial.dir/picosserial.c.obj
 .text.main     0x0000000010000378       0x58 CMakeFiles/picosserial.dir/picosserial.c.obj
                0x0000000010000378                main
 .text.crc_reuest
                0x00000000100003d0       0x44 CMakeFiles/picosserial.dir/sserial.c.obj
 .text.crc8     0x0000000010000414       0x10 CMakeFiles/picosserial.dir/sserial.c.obj
 .text.send     0x0000000010000424       0x3c CMakeFiles/picosserial.dir/sserial.c.obj
 .text.enableSysTick
                0x0000000010000460       0x18 CMakeFiles/picosserial.dir/sserial.c.obj
                0x0000000010000460                enableSysTick
 .text.hal_get_systick_value
                0x0000000010000478        0xc CMakeFiles/picosserial.dir/sserial.c.obj
                0x0000000010000478                hal_get_systick_value
 .text.hal_get_systick_reload
                0x0000000010000484        0xc CMakeFiles/picosserial.dir/sserial.c.obj
                0x0000000010000484                hal_get_systick_reload
 .text.hal_get_systick_freq
                0x0000000010000490        0xa CMakeFiles/picosserial.dir/sserial.c.obj
                0x0000000010000490                hal_get_systick_freq
 *fill*         0x000000001000049a        0x2 
 .text.hw_init  0x000000001000049c      0x208 CMakeFiles/picosserial.dir/sserial.c.obj
                0x000000001000049c                hw_init
 .text.frt_func
                0x00000000100006a4      0x5c4 CMakeFiles/picosserial.dir/sserial.c.obj
                0x00000000100006a4                frt_func
 .text.crc8_update
                0x0000000010000c68       0x28 CMakeFiles/picosserial.dir/crc8.c.obj
                0x0000000010000c68                crc8_update
 .text.gpio_set_function
                0x0000000010000c90       0x30 CMakeFiles/picosserial.dir/home/olivier/pico/pico-sdk/src/rp2_common/hardware_gpio/gpio.c.obj
                0x0000000010000c90                gpio_set_function
 .text.gpio_init
                0x0000000010000cc0       0x16 CMakeFiles/picosserial.dir/home/olivier/pico/pico-sdk/src/rp2_common/hardware_gpio/gpio.c.obj
                0x0000000010000cc0                gpio_init
 *fill*         0x0000000010000cd6        0x2 
 .text.running_on_fpga
                0x0000000010000cd8       0x14 CMakeFiles/picosserial.dir/home/olivier/pico/pico-sdk/src/rp2_common/pico_platform/platform.c.obj
                0x0000000010000cd8                running_on_fpga
 .text.hw_claim_lock
                0x0000000010000cec       0x18 CMakeFiles/picosserial.dir/home/olivier/pico/pico-sdk/src/rp2_common/hardware_claim/claim.c.obj
                0x0000000010000cec                hw_claim_lock
 .text.hw_claim_unlock
                0x0000000010000d04       0x14 CMakeFiles/picosserial.dir/home/olivier/pico/pico-sdk/src/rp2_common/hardware_claim/claim.c.obj
                0x0000000010000d04                hw_claim_unlock
 .text.hw_claim_or_assert
                0x0000000010000d18       0x32 CMakeFiles/picosserial.dir/home/olivier/pico/pico-sdk/src/rp2_common/hardware_claim/claim.c.obj
                0x0000000010000d18                hw_claim_or_assert
 *fill*         0x0000000010000d4a        0x2 
 .text.spin_locks_reset
                0x0000000010000d4c       0x20 CMakeFiles/picosserial.dir/home/olivier/pico/pico-sdk/src/rp2_common/hardware_sync/sync.c.obj
                0x0000000010000d4c                spin_locks_reset
 .text.next_striped_spin_lock_num
                0x0000000010000d6c       0x1c CMakeFiles/picosserial.dir/home/olivier/pico/pico-sdk/src/rp2_common/hardware_sync/sync.c.obj
                0x0000000010000d6c                next_striped_spin_lock_num
 .text.set_raw_irq_handler_and_unlock
                0x0000000010000d88       0x28 CMakeFiles/picosserial.dir/home/olivier/pico/pico-sdk/src/rp2_common/hardware_irq/irq.c.obj
 .text.make_branch
                0x0000000010000db0       0x48 CMakeFiles/picosserial.dir/home/olivier/pico/pico-sdk/src/rp2_common/hardware_irq/irq.c.obj
 .text.insert_branch_and_link
                0x0000000010000df8       0x40 CMakeFiles/picosserial.dir/home/olivier/pico/pico-sdk/src/rp2_common/hardware_irq/irq.c.obj
 .text.irq_is_enabled
                0x0000000010000e38       0x18 CMakeFiles/picosserial.dir/home/olivier/pico/pico-sdk/src/rp2_common/hardware_irq/irq.c.obj
                0x0000000010000e38                irq_is_enabled
 .text.irq_set_mask_enabled
                0x0000000010000e50       0x20 CMakeFiles/picosserial.dir/home/olivier/pico/pico-sdk/src/rp2_common/hardware_irq/irq.c.obj
                0x0000000010000e50                irq_set_mask_enabled
 .text.irq_set_enabled
                0x0000000010000e70        0xe CMakeFiles/picosserial.dir/home/olivier/pico/pico-sdk/src/rp2_common/hardware_irq/irq.c.obj
                0x0000000010000e70                irq_set_enabled
 *fill*         0x0000000010000e7e        0x2 
 .text.irq_get_vtable_handler
                0x0000000010000e80       0x10 CMakeFiles/picosserial.dir/home/olivier/pico/pico-sdk/src/rp2_common/hardware_irq/irq.c.obj
                0x0000000010000e80                irq_get_vtable_handler
 .text.irq_set_exclusive_handler
                0x0000000010000e90       0x54 CMakeFiles/picosserial.dir/home/olivier/pico/pico-sdk/src/rp2_common/hardware_irq/irq.c.obj
                0x0000000010000e90                irq_set_exclusive_handler
 .text.irq_remove_handler
                0x0000000010000ee4      0x1ac CMakeFiles/picosserial.dir/home/olivier/pico/pico-sdk/src/rp2_common/hardware_irq/irq.c.obj
                0x0000000010000ee4                irq_remove_handler
 .text.irq_add_tail_to_free_list
                0x0000000010001090       0xf0 CMakeFiles/picosserial.dir/home/olivier/pico/pico-sdk/src/rp2_common/hardware_irq/irq.c.obj
                0x0000000010001090                irq_add_tail_to_free_list
 .text.irq_init_priorities
                0x0000000010001180       0x1c CMakeFiles/picosserial.dir/home/olivier/pico/pico-sdk/src/rp2_common/hardware_irq/irq.c.obj
                0x0000000010001180                irq_init_priorities
 .text.lock_init
                0x000000001000119c       0x10 CMakeFiles/picosserial.dir/home/olivier/pico/pico-sdk/src/common/pico_sync/lock_core.c.obj
                0x000000001000119c                lock_init
 .text.mutex_init
                0x00000000100011ac       0x1a CMakeFiles/picosserial.dir/home/olivier/pico/pico-sdk/src/common/pico_sync/mutex.c.obj
                0x00000000100011ac                mutex_init
 .text.recursive_mutex_init
                0x00000000100011c6       0x1e CMakeFiles/picosserial.dir/home/olivier/pico/pico-sdk/src/common/pico_sync/mutex.c.obj
                0x00000000100011c6                recursive_mutex_init
 .text.alarm_pool_post_alloc_init
                0x00000000100011e4       0x40 CMakeFiles/picosserial.dir/home/olivier/pico/pico-sdk/src/common/pico_time/time.c.obj
 .text.sleep_until_callback
                0x0000000010001224       0x30 CMakeFiles/picosserial.dir/home/olivier/pico/pico-sdk/src/common/pico_time/time.c.obj
 .text.timer_pool_entry_comparator
                0x0000000010001254       0x7c CMakeFiles/picosserial.dir/home/olivier/pico/pico-sdk/src/common/pico_time/time.c.obj
                0x0000000010001254                timer_pool_entry_comparator
 .text.ph_add_child_node
                0x00000000100012d0       0xa4 CMakeFiles/picosserial.dir/home/olivier/pico/pico-sdk/src/common/pico_time/time.c.obj
 .text.ph_merge_nodes
                0x0000000010001374       0x3e CMakeFiles/picosserial.dir/home/olivier/pico/pico-sdk/src/common/pico_time/time.c.obj
 *fill*         0x00000000100013b2        0x2 
 .text.add_alarm_under_lock
                0x00000000100013b4      0x174 CMakeFiles/picosserial.dir/home/olivier/pico/pico-sdk/src/common/pico_time/time.c.obj
 .text.alarm_pool_alarm_callback
                0x0000000010001528      0x33c CMakeFiles/picosserial.dir/home/olivier/pico/pico-sdk/src/common/pico_time/time.c.obj
 .text.alarm_pool_init_default
                0x0000000010001864       0x40 CMakeFiles/picosserial.dir/home/olivier/pico/pico-sdk/src/common/pico_time/time.c.obj
                0x0000000010001864                alarm_pool_init_default
 .text.alarm_pool_get_default
                0x00000000100018a4       0x2c CMakeFiles/picosserial.dir/home/olivier/pico/pico-sdk/src/common/pico_time/time.c.obj
                0x00000000100018a4                alarm_pool_get_default
 .text.alarm_pool_add_alarm_at
                0x00000000100018d0      0x168 CMakeFiles/picosserial.dir/home/olivier/pico/pico-sdk/src/common/pico_time/time.c.obj
                0x00000000100018d0                alarm_pool_add_alarm_at
 .text.alarm_pool_cancel_alarm
                0x0000000010001a38       0xf8 CMakeFiles/picosserial.dir/home/olivier/pico/pico-sdk/src/common/pico_time/time.c.obj
                0x0000000010001a38                alarm_pool_cancel_alarm
 .text.best_effort_wfe_or_timeout
                0x0000000010001b30       0xac CMakeFiles/picosserial.dir/home/olivier/pico/pico-sdk/src/common/pico_time/time.c.obj
                0x0000000010001b30                best_effort_wfe_or_timeout
 .text.hardware_alarm_irq_handler
                0x0000000010001bdc       0x90 CMakeFiles/picosserial.dir/home/olivier/pico/pico-sdk/src/rp2_common/hardware_timer/timer.c.obj
 .text.hardware_alarm_claim
                0x0000000010001c6c       0x18 CMakeFiles/picosserial.dir/home/olivier/pico/pico-sdk/src/rp2_common/hardware_timer/timer.c.obj
                0x0000000010001c6c                hardware_alarm_claim
 .text.time_us_64
                0x0000000010001c84       0x18 CMakeFiles/picosserial.dir/home/olivier/pico/pico-sdk/src/rp2_common/hardware_timer/timer.c.obj
                0x0000000010001c84                time_us_64
 .text.busy_wait_until
                0x0000000010001c9c       0x28 CMakeFiles/picosserial.dir/home/olivier/pico/pico-sdk/src/rp2_common/hardware_timer/timer.c.obj
                0x0000000010001c9c                busy_wait_until
 .text.busy_wait_us
                0x0000000010001cc4       0x48 CMakeFiles/picosserial.dir/home/olivier/pico/pico-sdk/src/rp2_common/hardware_timer/timer.c.obj
                0x0000000010001cc4                busy_wait_us
 .text.hardware_alarm_set_callback
                0x0000000010001d0c       0x90 CMakeFiles/picosserial.dir/home/olivier/pico/pico-sdk/src/rp2_common/hardware_timer/timer.c.obj
                0x0000000010001d0c                hardware_alarm_set_callback
 .text.hardware_alarm_set_target
                0x0000000010001d9c       0xe8 CMakeFiles/picosserial.dir/home/olivier/pico/pico-sdk/src/rp2_common/hardware_timer/timer.c.obj
                0x0000000010001d9c                hardware_alarm_set_target
 .text.hardware_alarm_cancel
                0x0000000010001e84       0x40 CMakeFiles/picosserial.dir/home/olivier/pico/pico-sdk/src/rp2_common/hardware_timer/timer.c.obj
                0x0000000010001e84                hardware_alarm_cancel
 .text.ph_add_child_node
                0x0000000010001ec4       0xa4 CMakeFiles/picosserial.dir/home/olivier/pico/pico-sdk/src/common/pico_util/pheap.c.obj
 .text.ph_merge_nodes
                0x0000000010001f68       0x3e CMakeFiles/picosserial.dir/home/olivier/pico/pico-sdk/src/common/pico_util/pheap.c.obj
 *fill*         0x0000000010001fa6        0x2 
 .text.ph_clear
                0x0000000010001fa8       0x70 CMakeFiles/picosserial.dir/home/olivier/pico/pico-sdk/src/common/pico_util/pheap.c.obj
                0x0000000010001fa8                ph_clear
 .text.ph_post_alloc_init
                0x0000000010002018        0xe CMakeFiles/picosserial.dir/home/olivier/pico/pico-sdk/src/common/pico_util/pheap.c.obj
                0x0000000010002018                ph_post_alloc_init
 *fill*         0x0000000010002026        0x2 
 .text.ph_merge_two_pass
                0x0000000010002028       0xa8 CMakeFiles/picosserial.dir/home/olivier/pico/pico-sdk/src/common/pico_util/pheap.c.obj
                0x0000000010002028                ph_merge_two_pass
 .text.ph_remove_any_head
                0x00000000100020d0      0x128 CMakeFiles/picosserial.dir/home/olivier/pico/pico-sdk/src/common/pico_util/pheap.c.obj
 .text.ph_remove_head
                0x00000000100021f8       0x14 CMakeFiles/picosserial.dir/home/olivier/pico/pico-sdk/src/common/pico_util/pheap.c.obj
                0x00000000100021f8                ph_remove_head
 .text.ph_remove_and_free_node
                0x000000001000220c       0xf8 CMakeFiles/picosserial.dir/home/olivier/pico/pico-sdk/src/common/pico_util/pheap.c.obj
                0x000000001000220c                ph_remove_and_free_node
 .text.uart_disable_before_lcr_write
                0x0000000010002304       0x48 CMakeFiles/picosserial.dir/home/olivier/pico/pico-sdk/src/rp2_common/hardware_uart/uart.c.obj
 .text.uart_write_lcr_bits_masked
                0x000000001000234c       0x22 CMakeFiles/picosserial.dir/home/olivier/pico/pico-sdk/src/rp2_common/hardware_uart/uart.c.obj
 *fill*         0x000000001000236e        0x2 
 .text.uart_set_baudrate
                0x0000000010002370       0x5c CMakeFiles/picosserial.dir/home/olivier/pico/pico-sdk/src/rp2_common/hardware_uart/uart.c.obj
                0x0000000010002370                uart_set_baudrate
 .text.uart_set_format
                0x00000000100023cc       0x2c CMakeFiles/picosserial.dir/home/olivier/pico/pico-sdk/src/rp2_common/hardware_uart/uart.c.obj
                0x00000000100023cc                uart_set_format
 .text.uart_set_fifo_enabled
                0x00000000100023f8       0x10 CMakeFiles/picosserial.dir/home/olivier/pico/pico-sdk/src/rp2_common/hardware_uart/uart.c.obj
                0x00000000100023f8                uart_set_fifo_enabled
 .text.uart_set_translate_crlf
                0x0000000010002408       0x28 CMakeFiles/picosserial.dir/home/olivier/pico/pico-sdk/src/rp2_common/hardware_uart/uart.c.obj
                0x0000000010002408                uart_set_translate_crlf
 .text.uart_init
                0x0000000010002430       0x80 CMakeFiles/picosserial.dir/home/olivier/pico/pico-sdk/src/rp2_common/hardware_uart/uart.c.obj
                0x0000000010002430                uart_init
 .text.clock_configure
                0x00000000100024b0      0x108 CMakeFiles/picosserial.dir/home/olivier/pico/pico-sdk/src/rp2_common/hardware_clocks/clocks.c.obj
                0x00000000100024b0                clock_configure
 .text.clocks_init
                0x00000000100025b8      0x100 CMakeFiles/picosserial.dir/home/olivier/pico/pico-sdk/src/rp2_common/hardware_clocks/clocks.c.obj
                0x00000000100025b8                clocks_init
 .text.clock_get_hz
                0x00000000100026b8        0xc CMakeFiles/picosserial.dir/home/olivier/pico/pico-sdk/src/rp2_common/hardware_clocks/clocks.c.obj
                0x00000000100026b8                clock_get_hz
 .text.pll_init
                0x00000000100026c4      0x120 CMakeFiles/picosserial.dir/home/olivier/pico/pico-sdk/src/rp2_common/hardware_pll/pll.c.obj
                0x00000000100026c4                pll_init
 .text.watchdog_start_tick
                0x00000000100027e4       0x10 CMakeFiles/picosserial.dir/home/olivier/pico/pico-sdk/src/rp2_common/hardware_watchdog/watchdog.c.obj
                0x00000000100027e4                watchdog_start_tick
 .text.xosc_init
                0x00000000100027f4       0x28 CMakeFiles/picosserial.dir/home/olivier/pico/pico-sdk/src/rp2_common/hardware_xosc/xosc.c.obj
                0x00000000100027f4                xosc_init
 .text._exit    0x000000001000281c        0x4 CMakeFiles/picosserial.dir/home/olivier/pico/pico-sdk/src/rp2_common/pico_runtime/runtime.c.obj
                0x000000001000281c                _exit
 .text.exit     0x0000000010002820        0x6 CMakeFiles/picosserial.dir/home/olivier/pico/pico-sdk/src/rp2_common/pico_runtime/runtime.c.obj
                0x0000000010002820                exit
 *fill*         0x0000000010002826        0x2 
 .text.__assert_func
                0x0000000010002828       0x3c CMakeFiles/picosserial.dir/home/olivier/pico/pico-sdk/src/rp2_common/pico_runtime/runtime.c.obj
                0x0000000010002828                __assert_func
 .text.runtime_init
                0x0000000010002864       0xf8 CMakeFiles/picosserial.dir/home/olivier/pico/pico-sdk/src/rp2_common/pico_runtime/runtime.c.obj
                0x0000000010002864                runtime_init
 .text.panic    0x000000001000295c       0x30 CMakeFiles/picosserial.dir/home/olivier/pico/pico-sdk/src/rp2_common/pico_runtime/runtime.c.obj
                0x000000001000295c                panic
 .text._out_null
                0x000000001000298c        0x2 CMakeFiles/picosserial.dir/home/olivier/pico/pico-sdk/src/rp2_common/pico_printf/printf.c.obj
 .text._out_fct
                0x000000001000298e        0xe CMakeFiles/picosserial.dir/home/olivier/pico/pico-sdk/src/rp2_common/pico_printf/printf.c.obj
 .text._atoi    0x000000001000299c       0x24 CMakeFiles/picosserial.dir/home/olivier/pico/pico-sdk/src/rp2_common/pico_printf/printf.c.obj
 .text._out_rev
                0x00000000100029c0       0xae CMakeFiles/picosserial.dir/home/olivier/pico/pico-sdk/src/rp2_common/pico_printf/printf.c.obj
 .text._ntoa_format
                0x0000000010002a6e      0x112 CMakeFiles/picosserial.dir/home/olivier/pico/pico-sdk/src/rp2_common/pico_printf/printf.c.obj
 .text._ntoa_long
                0x0000000010002b80       0xbc CMakeFiles/picosserial.dir/home/olivier/pico/pico-sdk/src/rp2_common/pico_printf/printf.c.obj
 .text._ntoa_long_long
                0x0000000010002c3c       0xe2 CMakeFiles/picosserial.dir/home/olivier/pico/pico-sdk/src/rp2_common/pico_printf/printf.c.obj
 *fill*         0x0000000010002d1e        0x2 
 .text._etoa    0x0000000010002d20      0x414 CMakeFiles/picosserial.dir/home/olivier/pico/pico-sdk/src/rp2_common/pico_printf/printf.c.obj
 .text._ftoa    0x0000000010003134      0x354 CMakeFiles/picosserial.dir/home/olivier/pico/pico-sdk/src/rp2_common/pico_printf/printf.c.obj
 .text._vsnprintf
                0x0000000010003488      0x624 CMakeFiles/picosserial.dir/home/olivier/pico/pico-sdk/src/rp2_common/pico_printf/printf.c.obj
 .text.vfctprintf
                0x0000000010003aac       0x20 CMakeFiles/picosserial.dir/home/olivier/pico/pico-sdk/src/rp2_common/pico_printf/printf.c.obj
                0x0000000010003aac                vfctprintf
 .text          0x0000000010003acc       0x10 CMakeFiles/picosserial.dir/home/olivier/pico/pico-sdk/src/rp2_common/pico_bit_ops/bit_ops_aeabi.S.obj
 .text.rom_func_lookup
                0x0000000010003adc       0x10 CMakeFiles/picosserial.dir/home/olivier/pico/pico-sdk/src/rp2_common/pico_bootrom/bootrom.c.obj
                0x0000000010003adc                rom_func_lookup
 .text.rom_data_lookup
                0x0000000010003aec       0x10 CMakeFiles/picosserial.dir/home/olivier/pico/pico-sdk/src/rp2_common/pico_bootrom/bootrom.c.obj
                0x0000000010003aec                rom_data_lookup
 .text.rom_funcs_lookup
                0x0000000010003afc       0x36 CMakeFiles/picosserial.dir/home/olivier/pico/pico-sdk/src/rp2_common/pico_bootrom/bootrom.c.obj
                0x0000000010003afc                rom_funcs_lookup
 *fill*         0x0000000010003b32        0x2 
 .text.__wrap___aeabi_idiv
                0x0000000010003b34       0x50 CMakeFiles/picosserial.dir/home/olivier/pico/pico-sdk/src/rp2_common/pico_divider/divider.S.obj
                0x0000000010003b34                __wrap___aeabi_idivmod
                0x0000000010003b34                divmod_s32s32
                0x0000000010003b34                div_s32s32
                0x0000000010003b34                __wrap___aeabi_idiv
                0x0000000010003b3c                divmod_s32s32_unsafe
                0x0000000010003b68                divmod_s32s32_savestate
 .text.__wrap___aeabi_uidiv
                0x0000000010003b84       0x4c CMakeFiles/picosserial.dir/home/olivier/pico/pico-sdk/src/rp2_common/pico_divider/divider.S.obj
                0x0000000010003b84                __wrap___aeabi_uidiv
                0x0000000010003b84                __wrap___aeabi_uidivmod
                0x0000000010003b84                div_u32u32
                0x0000000010003b84                divmod_u32u32
                0x0000000010003b8c                divmod_u32u32_unsafe
                0x0000000010003bb4                divmod_u32u32_savestate
 .text.__wrap___aeabi_ldiv
                0x0000000010003bd0      0x424 CMakeFiles/picosserial.dir/home/olivier/pico/pico-sdk/src/rp2_common/pico_divider/divider.S.obj
                0x0000000010003bd0                div_s64s64
                0x0000000010003bd0                divmod_s64s64
                0x0000000010003bd0                __wrap___aeabi_ldivmod
                0x0000000010003c00                div_u64u64
                0x0000000010003c00                divmod_u64u64
                0x0000000010003c00                __wrap___aeabi_uldivmod
                0x0000000010003c10                divmod_u64u64_savestate
                0x0000000010003c30                divmod_s64s64_unsafe
                0x0000000010003cb8                divmod_u64u64_unsafe
 .text.__wrap___aeabi_darithmetic
                0x0000000010003ff4       0x80 CMakeFiles/picosserial.dir/home/olivier/pico/pico-sdk/src/rp2_common/pico_double/double_aeabi.S.obj
                0x0000000010003ff4                __wrap___aeabi_drsub
                0x0000000010003ffa                __wrap___aeabi_dsub
                0x000000001000400c                __wrap___aeabi_dadd
                0x000000001000401e                __wrap___aeabi_ddiv
                0x000000001000405a                __wrap___aeabi_dmul
 .text.__wrap___aeabi_cdcmple
                0x0000000010004074       0x6c CMakeFiles/picosserial.dir/home/olivier/pico/pico-sdk/src/rp2_common/pico_double/double_aeabi.S.obj
                0x0000000010004074                __wrap___aeabi_cdrcmple
                0x0000000010004084                __wrap___aeabi_cdcmple
                0x0000000010004084                __wrap___aeabi_cdcmpeq
 .text.__wrap___aeabi_dcmplt
                0x00000000100040e0        0xc CMakeFiles/picosserial.dir/home/olivier/pico/pico-sdk/src/rp2_common/pico_double/double_aeabi.S.obj
                0x00000000100040e0                __wrap___aeabi_dcmplt
 .text.__wrap___aeabi_dcmple
                0x00000000100040ec       0x10 CMakeFiles/picosserial.dir/home/olivier/pico/pico-sdk/src/rp2_common/pico_double/double_aeabi.S.obj
                0x00000000100040ec                __wrap___aeabi_dcmple
 .text.__wrap___aeabi_dcmpge
                0x00000000100040fc       0x10 CMakeFiles/picosserial.dir/home/olivier/pico/pico-sdk/src/rp2_common/pico_double/double_aeabi.S.obj
                0x00000000100040fc                __wrap___aeabi_dcmpge
 .text.__wrap___aeabi_dcmpgt
                0x000000001000410c        0xa CMakeFiles/picosserial.dir/home/olivier/pico/pico-sdk/src/rp2_common/pico_double/double_aeabi.S.obj
                0x000000001000410c                __wrap___aeabi_dcmpgt
 .text.__wrap___aeabi_dcmpun
                0x0000000010004116       0x1c CMakeFiles/picosserial.dir/home/olivier/pico/pico-sdk/src/rp2_common/pico_double/double_aeabi.S.obj
                0x0000000010004116                __wrap___aeabi_dcmpun
 *fill*         0x0000000010004132        0x2 
 .text.__wrap___aeabi_i2d
                0x0000000010004134       0x38 CMakeFiles/picosserial.dir/home/olivier/pico/pico-sdk/src/rp2_common/pico_double/double_aeabi.S.obj
                0x0000000010004134                __wrap___aeabi_ui2d
                0x000000001000413c                __wrap___aeabi_i2d
 .text.__wrap___aeabi_d2iz
                0x000000001000416c       0x48 CMakeFiles/picosserial.dir/home/olivier/pico/pico-sdk/src/rp2_common/pico_double/double_aeabi.S.obj
                0x000000001000416c                __wrap___aeabi_d2iz
                0x000000001000416c                double2int_z
 .text.__wrap___aeabi_d2uiz
                0x00000000100041b4       0x18 CMakeFiles/picosserial.dir/home/olivier/pico/pico-sdk/src/rp2_common/pico_double/double_aeabi.S.obj
                0x00000000100041b4                double2uint
                0x00000000100041b4                __wrap___aeabi_d2uiz
 .text.__aeabi_double_init
                0x00000000100041cc       0xc8 CMakeFiles/picosserial.dir/home/olivier/pico/pico-sdk/src/rp2_common/pico_double/double_init_rom.c.obj
                0x00000000100041cc                __aeabi_double_init
 .text.double_table_shim_on_use_helper
                0x0000000010004294       0x34 CMakeFiles/picosserial.dir/home/olivier/pico/pico-sdk/src/rp2_common/pico_double/double_v1_rom_shim.S.obj
                0x0000000010004294                double_table_shim_on_use_helper
 .text.__wrap___aeabi_dsub
                0x00000000100042c8       0x10 CMakeFiles/picosserial.dir/home/olivier/pico/pico-sdk/src/rp2_common/pico_double/double_v1_rom_shim.S.obj
                0x00000000100042c8                drsub_shim
                0x00000000100042ce                dsub_shim
 .text.dadd_shim
                0x00000000100042d8      0x15c CMakeFiles/picosserial.dir/home/olivier/pico/pico-sdk/src/rp2_common/pico_double/double_v1_rom_shim.S.obj
                0x00000000100042d8                dadd_shim
 .text.dmul_shim
                0x0000000010004434      0x15c CMakeFiles/picosserial.dir/home/olivier/pico/pico-sdk/src/rp2_common/pico_double/double_v1_rom_shim.S.obj
                0x0000000010004434                dmul_shim
 .text.ddiv_shim
                0x0000000010004590      0x1b0 CMakeFiles/picosserial.dir/home/olivier/pico/pico-sdk/src/rp2_common/pico_double/double_v1_rom_shim.S.obj
                0x0000000010004590                ddiv_shim
 .text.double2uint_shim
                0x0000000010004740        0xe CMakeFiles/picosserial.dir/home/olivier/pico/pico-sdk/src/rp2_common/pico_double/double_v1_rom_shim.S.obj
                0x0000000010004740                double2uint_shim
                0x0000000010004742                double2ufix_shim
 *fill*         0x000000001000474e        0x2 
 .text.double2uint64_shim
                0x0000000010004750       0x70 CMakeFiles/picosserial.dir/home/olivier/pico/pico-sdk/src/rp2_common/pico_double/double_v1_rom_shim.S.obj
                0x0000000010004750                double2uint64_shim
                0x0000000010004752                double2ufix64_shim
                0x0000000010004772                d2fix_a
 .text.dunpacks
                0x00000000100047c0       0x3c CMakeFiles/picosserial.dir/home/olivier/pico/pico-sdk/src/rp2_common/pico_double/double_v1_rom_shim.S.obj
                0x00000000100047c0                dunpacks
 .text.__wrap___aeabi_farithmetic
                0x00000000100047fc       0x58 CMakeFiles/picosserial.dir/home/olivier/pico/pico-sdk/src/rp2_common/pico_float/float_aeabi.S.obj
                0x00000000100047fc                __wrap___aeabi_frsub
                0x0000000010004802                __wrap___aeabi_fsub
                0x000000001000480c                __wrap___aeabi_fadd
                0x0000000010004816                __wrap___aeabi_fdiv
                0x0000000010004842                __wrap___aeabi_fmul
 .text.__wrap___aeabi_cfcmple
                0x0000000010004854       0x50 CMakeFiles/picosserial.dir/home/olivier/pico/pico-sdk/src/rp2_common/pico_float/float_aeabi.S.obj
                0x0000000010004854                __wrap___aeabi_cfrcmple
                0x0000000010004860                __wrap___aeabi_cfcmpeq
                0x0000000010004860                __wrap___aeabi_cfcmple
 .text.__wrap___aeabi_fcmpgt
                0x00000000100048a4        0xa CMakeFiles/picosserial.dir/home/olivier/pico/pico-sdk/src/rp2_common/pico_float/float_aeabi.S.obj
                0x00000000100048a4                __wrap___aeabi_fcmpgt
 .text.__wrap___aeabi_ui2f
                0x00000000100048ae        0xa CMakeFiles/picosserial.dir/home/olivier/pico/pico-sdk/src/rp2_common/pico_float/float_aeabi.S.obj
                0x00000000100048ae                __wrap___aeabi_ui2f
 .text.__wrap___aeabi_i2f
                0x00000000100048b8       0x44 CMakeFiles/picosserial.dir/home/olivier/pico/pico-sdk/src/rp2_common/pico_float/float_aeabi.S.obj
                0x00000000100048b8                __wrap___aeabi_i2f
 .text.__wrap___aeabi_f2iz
                0x00000000100048fc       0x4e CMakeFiles/picosserial.dir/home/olivier/pico/pico-sdk/src/rp2_common/pico_float/float_aeabi.S.obj
                0x00000000100048fc                __wrap___aeabi_f2iz
                0x00000000100048fc                float2int_z
 *fill*         0x000000001000494a        0x2 
 .text.float2int
                0x000000001000494c       0x14 CMakeFiles/picosserial.dir/home/olivier/pico/pico-sdk/src/rp2_common/pico_float/float_aeabi.S.obj
                0x000000001000494c                float2int
 .text.__wrap___aeabi_f2uiz
                0x0000000010004960       0x10 CMakeFiles/picosserial.dir/home/olivier/pico/pico-sdk/src/rp2_common/pico_float/float_aeabi.S.obj
                0x0000000010004960                __wrap___aeabi_f2uiz
 .text.__wrap___aeabi_f2d
                0x0000000010004970       0x14 CMakeFiles/picosserial.dir/home/olivier/pico/pico-sdk/src/rp2_common/pico_float/float_aeabi.S.obj
                0x0000000010004970                __wrap___aeabi_f2d
 .text.__aeabi_float_init
                0x0000000010004984       0xfc CMakeFiles/picosserial.dir/home/olivier/pico/pico-sdk/src/rp2_common/pico_float/float_init_rom.c.obj
                0x0000000010004984                __aeabi_float_init
 .text.float_table_shim_on_use_helper
                0x0000000010004a80       0x34 CMakeFiles/picosserial.dir/home/olivier/pico/pico-sdk/src/rp2_common/pico_float/float_v1_rom_shim.S.obj
                0x0000000010004a80                float_table_shim_on_use_helper
 .text.float232_shims
                0x0000000010004ab4       0x18 CMakeFiles/picosserial.dir/home/olivier/pico/pico-sdk/src/rp2_common/pico_float/float_v1_rom_shim.S.obj
                0x0000000010004ab4                float2int_shim
                0x0000000010004ab6                float2fix_shim
 .text.float2double_shim
                0x0000000010004acc       0x30 CMakeFiles/picosserial.dir/home/olivier/pico/pico-sdk/src/rp2_common/pico_float/float_v1_rom_shim.S.obj
                0x0000000010004acc                float2double_shim
 .text          0x0000000010004afc       0x10 CMakeFiles/picosserial.dir/home/olivier/pico/pico-sdk/src/rp2_common/pico_mem_ops/mem_ops_aeabi.S.obj
                0x0000000010004afc                __aeabi_mem_init
 .text.memset   0x0000000010004b0c        0xc CMakeFiles/picosserial.dir/home/olivier/pico/pico-sdk/src/rp2_common/pico_mem_ops/mem_ops_aeabi.S.obj
                0x0000000010004b0c                __wrap_memset
 .text.memcpy   0x0000000010004b18        0xc CMakeFiles/picosserial.dir/home/olivier/pico/pico-sdk/src/rp2_common/pico_mem_ops/mem_ops_aeabi.S.obj
                0x0000000010004b18                __wrap___aeabi_memcpy
                0x0000000010004b18                __wrap_memcpy
 .text.stdio_out_chars_no_crlf
                0x0000000010004b24        0xe CMakeFiles/picosserial.dir/home/olivier/pico/pico-sdk/src/rp2_common/pico_stdio/stdio.c.obj
 *fill*         0x0000000010004b32        0x2 
 .text.stdio_out_chars_crlf
                0x0000000010004b34       0x80 CMakeFiles/picosserial.dir/home/olivier/pico/pico-sdk/src/rp2_common/pico_stdio/stdio.c.obj
 .text.stdio_stack_buffer_flush
                0x0000000010004bb4       0x44 CMakeFiles/picosserial.dir/home/olivier/pico/pico-sdk/src/rp2_common/pico_stdio/stdio.c.obj
 .text.stdio_buffered_printer
                0x0000000010004bf8       0x20 CMakeFiles/picosserial.dir/home/olivier/pico/pico-sdk/src/rp2_common/pico_stdio/stdio.c.obj
 .text.stdout_serialize_begin
                0x0000000010004c18       0x5c CMakeFiles/picosserial.dir/home/olivier/pico/pico-sdk/src/rp2_common/pico_stdio/stdio.c.obj
                0x0000000010004c18                stdout_serialize_begin
 .text.stdout_serialize_end
                0x0000000010004c74       0x10 CMakeFiles/picosserial.dir/home/olivier/pico/pico-sdk/src/rp2_common/pico_stdio/stdio.c.obj
                0x0000000010004c74                stdout_serialize_end
 .text.stdio_put_string
                0x0000000010004c84       0x98 CMakeFiles/picosserial.dir/home/olivier/pico/pico-sdk/src/rp2_common/pico_stdio/stdio.c.obj
 .text.stdio_set_driver_enabled
                0x0000000010004d1c       0x2c CMakeFiles/picosserial.dir/home/olivier/pico/pico-sdk/src/rp2_common/pico_stdio/stdio.c.obj
                0x0000000010004d1c                stdio_set_driver_enabled
 .text.stdio_flush
                0x0000000010004d48       0x20 CMakeFiles/picosserial.dir/home/olivier/pico/pico-sdk/src/rp2_common/pico_stdio/stdio.c.obj
                0x0000000010004d48                stdio_flush
 .text.__wrap_puts
                0x0000000010004d68       0x1e CMakeFiles/picosserial.dir/home/olivier/pico/pico-sdk/src/rp2_common/pico_stdio/stdio.c.obj
                0x0000000010004d68                __wrap_puts
 *fill*         0x0000000010004d86        0x2 
 .text.__wrap_vprintf
                0x0000000010004d88       0x40 CMakeFiles/picosserial.dir/home/olivier/pico/pico-sdk/src/rp2_common/pico_stdio/stdio.c.obj
                0x0000000010004d88                __wrap_vprintf
 .text.__wrap_printf
                0x0000000010004dc8       0x18 CMakeFiles/picosserial.dir/home/olivier/pico/pico-sdk/src/rp2_common/pico_stdio/stdio.c.obj
                0x0000000010004dc8                __wrap_printf
 .text.stdio_init_all
                0x0000000010004de0        0xa CMakeFiles/picosserial.dir/home/olivier/pico/pico-sdk/src/rp2_common/pico_stdio/stdio.c.obj
                0x0000000010004de0                stdio_init_all
 *fill*         0x0000000010004dea        0x2 
 .text.stdio_uart_out_chars
                0x0000000010004dec       0x74 CMakeFiles/picosserial.dir/home/olivier/pico/pico-sdk/src/rp2_common/pico_stdio_uart/stdio_uart.c.obj
 .text.stdio_uart_in_chars
                0x0000000010004e60       0x80 CMakeFiles/picosserial.dir/home/olivier/pico/pico-sdk/src/rp2_common/pico_stdio_uart/stdio_uart.c.obj
                0x0000000010004e60                stdio_uart_in_chars
 .text.on_uart_rx
                0x0000000010004ee0       0x28 CMakeFiles/picosserial.dir/home/olivier/pico/pico-sdk/src/rp2_common/pico_stdio_uart/stdio_uart.c.obj
 .text.stdio_uart_set_chars_available_callback
                0x0000000010004f08       0x8c CMakeFiles/picosserial.dir/home/olivier/pico/pico-sdk/src/rp2_common/pico_stdio_uart/stdio_uart.c.obj
 .text.stdio_uart_init_full
                0x0000000010004f94       0x44 CMakeFiles/picosserial.dir/home/olivier/pico/pico-sdk/src/rp2_common/pico_stdio_uart/stdio_uart.c.obj
                0x0000000010004f94                stdio_uart_init_full
 .text.stdio_uart_init
                0x0000000010004fd8       0x28 CMakeFiles/picosserial.dir/home/olivier/pico/pico-sdk/src/rp2_common/pico_stdio_uart/stdio_uart.c.obj
                0x0000000010004fd8                stdio_uart_init
 .text._retrieve_unique_id_on_boot
                0x0000000010005000       0x10 CMakeFiles/picosserial.dir/home/olivier/pico/pico-sdk/src/rp2_common/pico_unique_id/unique_id.c.obj
 .text.pico_get_unique_board_id
                0x0000000010005010       0x10 CMakeFiles/picosserial.dir/home/olivier/pico/pico-sdk/src/rp2_common/pico_unique_id/unique_id.c.obj
                0x0000000010005010                pico_get_unique_board_id
 .text.flash_get_unique_id
                0x0000000010005020       0x46 CMakeFiles/picosserial.dir/home/olivier/pico/pico-sdk/src/rp2_common/hardware_flash/flash.c.obj
                0x0000000010005020                flash_get_unique_id
 *fill*         0x0000000010005066        0x2 
 .text          0x0000000010005068       0x5c /usr/lib/gcc/arm-none-eabi/10.3.1/../../../arm-none-eabi/lib/thumb/v6-m/nofp/libg.a(lib_a-strlen-stub.o)
                0x0000000010005068                strlen
 *(.fini)
 .fini          0x00000000100050c4        0x4 /usr/lib/gcc/arm-none-eabi/10.3.1/thumb/v6-m/nofp/crti.o
                0x00000000100050c4                _fini
 .fini.__stub   0x00000000100050c8       0x50 linker stubs
 *crtbegin.o(.ctors)
 *crtbegin?.o(.ctors)
 *(EXCLUDE_FILE(*crtend.o *crtend?.o) .ctors)
 *(SORT_BY_NAME(.ctors.*))
 *(.ctors)
 *crtbegin.o(.dtors)
 *crtbegin?.o(.dtors)
 *(EXCLUDE_FILE(*crtend.o *crtend?.o) .dtors)
 *(SORT_BY_NAME(.dtors.*))
 *(.dtors)
 *(.eh_frame*)
 .eh_frame      0x0000000010005118        0x0 /usr/lib/gcc/arm-none-eabi/10.3.1/thumb/v6-m/nofp/crtbegin.o
                0x0000000010005118                . = ALIGN (0x4)

.glue_7         0x0000000010005118        0x0
 .glue_7        0x0000000010005118        0x0 linker stubs

.glue_7t        0x0000000010005118        0x0
 .glue_7t       0x0000000010005118        0x0 linker stubs

.vfp11_veneer   0x0000000010005118        0x0
 .vfp11_veneer  0x0000000010005118        0x0 linker stubs

.v4_bx          0x0000000010005118        0x0
 .v4_bx         0x0000000010005118        0x0 linker stubs

.iplt           0x0000000010005118        0x0
 .iplt          0x0000000010005118        0x0 /usr/lib/gcc/arm-none-eabi/10.3.1/thumb/v6-m/nofp/crtbegin.o

.rodata         0x0000000010005118     0x1498
 *(EXCLUDE_FILE(*libm.a: *libc.a:*lib_a-mem*.o *libgcc.a:) .rodata*)
 .rodata.main.str1.4
                0x0000000010005118        0xc CMakeFiles/picosserial.dir/picosserial.c.obj
 .rodata.discovery
                0x0000000010005124        0x6 CMakeFiles/picosserial.dir/sserial.c.obj
                0x0000000010005124                discovery
 *fill*         0x000000001000512a        0x2 
 .rodata.name   0x000000001000512c        0x5 CMakeFiles/picosserial.dir/sserial.c.obj
 *fill*         0x0000000010005131        0x3 
 .rodata.crc_table
                0x0000000010005134      0x400 CMakeFiles/picosserial.dir/crc8.c.obj
 .rodata.make_branch.str1.4
                0x0000000010005534       0x6e CMakeFiles/picosserial.dir/home/olivier/pico/pico-sdk/src/rp2_common/hardware_irq/irq.c.obj
 *fill*         0x00000000100055a2        0x2 
 .rodata.insert_branch_and_link.str1.4
                0x00000000100055a4       0x10 CMakeFiles/picosserial.dir/home/olivier/pico/pico-sdk/src/rp2_common/hardware_irq/irq.c.obj
 .rodata.irq_set_exclusive_handler.str1.4
                0x00000000100055b4       0x36 CMakeFiles/picosserial.dir/home/olivier/pico/pico-sdk/src/rp2_common/hardware_irq/irq.c.obj
 *fill*         0x00000000100055ea        0x2 
 .rodata.irq_add_shared_handler.str1.4
                0x00000000100055ec       0xd9 CMakeFiles/picosserial.dir/home/olivier/pico/pico-sdk/src/rp2_common/hardware_irq/irq.c.obj
 *fill*         0x00000000100056c5        0x3 
 .rodata.irq_remove_handler.str1.4
                0x00000000100056c8       0x3a CMakeFiles/picosserial.dir/home/olivier/pico/pico-sdk/src/rp2_common/hardware_irq/irq.c.obj
 *fill*         0x0000000010005702        0x2 
 .rodata.irq_add_tail_to_free_list.str1.4
                0x0000000010005704       0x3a CMakeFiles/picosserial.dir/home/olivier/pico/pico-sdk/src/rp2_common/hardware_irq/irq.c.obj
 *fill*         0x000000001000573e        0x2 
 .rodata.__func__.0
                0x0000000010005740       0x1a CMakeFiles/picosserial.dir/home/olivier/pico/pico-sdk/src/rp2_common/hardware_irq/irq.c.obj
 *fill*         0x000000001000575a        0x2 
 .rodata.__func__.1
                0x000000001000575c       0x17 CMakeFiles/picosserial.dir/home/olivier/pico/pico-sdk/src/rp2_common/hardware_irq/irq.c.obj
 *fill*         0x0000000010005773        0x1 
 .rodata.__func__.2
                0x0000000010005774       0x13 CMakeFiles/picosserial.dir/home/olivier/pico/pico-sdk/src/rp2_common/hardware_irq/irq.c.obj
 *fill*         0x0000000010005787        0x1 
 .rodata.__func__.3
                0x0000000010005788        0xc CMakeFiles/picosserial.dir/home/olivier/pico/pico-sdk/src/rp2_common/hardware_irq/irq.c.obj
 .rodata.__func__.4
                0x0000000010005794        0xf CMakeFiles/picosserial.dir/home/olivier/pico/pico-sdk/src/rp2_common/hardware_irq/irq.c.obj
 *fill*         0x00000000100057a3        0x1 
 .rodata.__func__.6
                0x00000000100057a4       0x1a CMakeFiles/picosserial.dir/home/olivier/pico/pico-sdk/src/rp2_common/hardware_irq/irq.c.obj
 *fill*         0x00000000100057be        0x2 
 .rodata.str1.4
                0x00000000100057c0       0xf1 CMakeFiles/picosserial.dir/home/olivier/pico/pico-sdk/src/common/pico_sync/mutex.c.obj
 *fill*         0x00000000100058b1        0x3 
 .rodata.__func__.1
                0x00000000100058b4        0xb CMakeFiles/picosserial.dir/home/olivier/pico/pico-sdk/src/common/pico_sync/mutex.c.obj
 *fill*         0x00000000100058bf        0x1 
 .rodata.__func__.3
                0x00000000100058c0       0x18 CMakeFiles/picosserial.dir/home/olivier/pico/pico-sdk/src/common/pico_sync/mutex.c.obj
 .rodata.repeating_timer_callback.str1.4
                0x00000000100058d8       0x4c CMakeFiles/picosserial.dir/home/olivier/pico/pico-sdk/src/common/pico_time/time.c.obj
 .rodata.timer_pool_entry_comparator.str1.4
                0x0000000010005924       0x22 CMakeFiles/picosserial.dir/home/olivier/pico/pico-sdk/src/common/pico_time/time.c.obj
 *fill*         0x0000000010005946        0x2 
 .rodata.ph_add_child_node.str1.4
                0x0000000010005948       0x96 CMakeFiles/picosserial.dir/home/olivier/pico/pico-sdk/src/common/pico_time/time.c.obj
 *fill*         0x00000000100059de        0x2 
 .rodata.add_alarm_under_lock.str1.4
                0x00000000100059e0       0x28 CMakeFiles/picosserial.dir/home/olivier/pico/pico-sdk/src/common/pico_time/time.c.obj
                                         0x2b (size before relaxing)
 .rodata.alarm_pool_alarm_callback.str1.4
                0x0000000010005a08       0x98 CMakeFiles/picosserial.dir/home/olivier/pico/pico-sdk/src/common/pico_time/time.c.obj
                                         0xfc (size before relaxing)
 .rodata.alarm_pool_get_default.str1.4
                0x0000000010005aa0       0x21 CMakeFiles/picosserial.dir/home/olivier/pico/pico-sdk/src/common/pico_time/time.c.obj
 *fill*         0x0000000010005ac1        0x3 
 .rodata.alarm_pool_cancel_alarm.str1.4
                0x0000000010005ac4       0x27 CMakeFiles/picosserial.dir/home/olivier/pico/pico-sdk/src/common/pico_time/time.c.obj
 *fill*         0x0000000010005aeb        0x1 
 .rodata.__func__.1
                0x0000000010005aec       0x18 CMakeFiles/picosserial.dir/home/olivier/pico/pico-sdk/src/common/pico_time/time.c.obj
 .rodata.__func__.10
                0x0000000010005b04       0x15 CMakeFiles/picosserial.dir/home/olivier/pico/pico-sdk/src/common/pico_time/time.c.obj
 *fill*         0x0000000010005b19        0x3 
 .rodata.__func__.11
                0x0000000010005b1c       0x1a CMakeFiles/picosserial.dir/home/olivier/pico/pico-sdk/src/common/pico_time/time.c.obj
 *fill*         0x0000000010005b36        0x2 
 .rodata.__func__.12
                0x0000000010005b38        0xa CMakeFiles/picosserial.dir/home/olivier/pico/pico-sdk/src/common/pico_time/time.c.obj
 *fill*         0x0000000010005b42        0x2 
 .rodata.__func__.3
                0x0000000010005b44       0x17 CMakeFiles/picosserial.dir/home/olivier/pico/pico-sdk/src/common/pico_time/time.c.obj
 *fill*         0x0000000010005b5b        0x1 
 .rodata.__func__.4
                0x0000000010005b5c       0x12 CMakeFiles/picosserial.dir/home/olivier/pico/pico-sdk/src/common/pico_time/time.c.obj
 *fill*         0x0000000010005b6e        0x2 
 .rodata.__func__.5
                0x0000000010005b70        0xd CMakeFiles/picosserial.dir/home/olivier/pico/pico-sdk/src/common/pico_time/time.c.obj
 *fill*         0x0000000010005b7d        0x3 
 .rodata.__func__.6
                0x0000000010005b80       0x12 CMakeFiles/picosserial.dir/home/olivier/pico/pico-sdk/src/common/pico_time/time.c.obj
 *fill*         0x0000000010005b92        0x2 
 .rodata.__func__.7
                0x0000000010005b94        0xf CMakeFiles/picosserial.dir/home/olivier/pico/pico-sdk/src/common/pico_time/time.c.obj
 *fill*         0x0000000010005ba3        0x1 
 .rodata.__func__.8
                0x0000000010005ba4        0xc CMakeFiles/picosserial.dir/home/olivier/pico/pico-sdk/src/common/pico_time/time.c.obj
 .rodata.__func__.9
                0x0000000010005bb0       0x15 CMakeFiles/picosserial.dir/home/olivier/pico/pico-sdk/src/common/pico_time/time.c.obj
 *fill*         0x0000000010005bc5        0x3 
 .rodata.hardware_alarm_claim.str1.4
                0x0000000010005bc8       0x22 CMakeFiles/picosserial.dir/home/olivier/pico/pico-sdk/src/rp2_common/hardware_timer/timer.c.obj
 .rodata.busy_wait_us.str1.4
                0x0000000010005bea       0x62 CMakeFiles/picosserial.dir/home/olivier/pico/pico-sdk/src/rp2_common/hardware_timer/timer.c.obj
 *fill*         0x0000000010005bea        0x2 
 .rodata.hardware_alarm_set_target.str1.4
                0x0000000010005bec       0x66 CMakeFiles/picosserial.dir/home/olivier/pico/pico-sdk/src/rp2_common/hardware_timer/timer.c.obj
 *fill*         0x0000000010005c52        0x2 
 .rodata.__func__.0
                0x0000000010005c54       0x1a CMakeFiles/picosserial.dir/home/olivier/pico/pico-sdk/src/rp2_common/hardware_timer/timer.c.obj
 *fill*         0x0000000010005c6e        0x2 
 .rodata.__func__.1
                0x0000000010005c70       0x15 CMakeFiles/picosserial.dir/home/olivier/pico/pico-sdk/src/rp2_common/hardware_timer/timer.c.obj
 .rodata.ph_add_child_node.str1.4
                0x0000000010005c85       0x96 CMakeFiles/picosserial.dir/home/olivier/pico/pico-sdk/src/common/pico_util/pheap.c.obj
 *fill*         0x0000000010005c85        0x3 
 .rodata.ph_remove_any_head.str1.4
                0x0000000010005c88       0x90 CMakeFiles/picosserial.dir/home/olivier/pico/pico-sdk/src/common/pico_util/pheap.c.obj
                                         0xa4 (size before relaxing)
 .rodata.ph_remove_and_free_node.str1.4
                0x0000000010005d18       0x1e CMakeFiles/picosserial.dir/home/olivier/pico/pico-sdk/src/common/pico_util/pheap.c.obj
                                         0x26 (size before relaxing)
 *fill*         0x0000000010005d36        0x2 
 .rodata.__func__.0
                0x0000000010005d38       0x18 CMakeFiles/picosserial.dir/home/olivier/pico/pico-sdk/src/common/pico_util/pheap.c.obj
 .rodata.__func__.1
                0x0000000010005d50       0x13 CMakeFiles/picosserial.dir/home/olivier/pico/pico-sdk/src/common/pico_util/pheap.c.obj
 *fill*         0x0000000010005d63        0x1 
 .rodata.__func__.2
                0x0000000010005d64       0x12 CMakeFiles/picosserial.dir/home/olivier/pico/pico-sdk/src/common/pico_util/pheap.c.obj
 *fill*         0x0000000010005d76        0x2 
 .rodata.__func__.3
                0x0000000010005d78        0xc CMakeFiles/picosserial.dir/home/olivier/pico/pico-sdk/src/common/pico_util/pheap.c.obj
 .rodata.clock_configure.str1.4
                0x0000000010005d84       0x58 CMakeFiles/picosserial.dir/home/olivier/pico/pico-sdk/src/rp2_common/hardware_clocks/clocks.c.obj
 .rodata.__func__.1
                0x0000000010005ddc       0x10 CMakeFiles/picosserial.dir/home/olivier/pico/pico-sdk/src/rp2_common/hardware_clocks/clocks.c.obj
 .rodata.pll_init.str1.4
                0x0000000010005dec      0x124 CMakeFiles/picosserial.dir/home/olivier/pico/pico-sdk/src/rp2_common/hardware_pll/pll.c.obj
 .rodata.__func__.0
                0x0000000010005f10        0x9 CMakeFiles/picosserial.dir/home/olivier/pico/pico-sdk/src/rp2_common/hardware_pll/pll.c.obj
 *fill*         0x0000000010005f19        0x3 
 .rodata.__assert_func.str1.4
                0x0000000010005f1c       0x3f CMakeFiles/picosserial.dir/home/olivier/pico/pico-sdk/src/rp2_common/pico_runtime/runtime.c.obj
                                         0x43 (size before relaxing)
 *fill*         0x0000000010005f5b        0x1 
 .rodata.runtime_init.str1.4
                0x0000000010005f5c       0x62 CMakeFiles/picosserial.dir/home/olivier/pico/pico-sdk/src/rp2_common/pico_runtime/runtime.c.obj
 *fill*         0x0000000010005fbe        0x2 
 .rodata.panic.str1.4
                0x0000000010005fc0       0x12 CMakeFiles/picosserial.dir/home/olivier/pico/pico-sdk/src/rp2_common/pico_runtime/runtime.c.obj
 *fill*         0x0000000010005fd2        0x2 
 .rodata.__func__.2
                0x0000000010005fd4        0xd CMakeFiles/picosserial.dir/home/olivier/pico/pico-sdk/src/rp2_common/pico_runtime/runtime.c.obj
 *fill*         0x0000000010005fe1        0x3 
 .rodata._ftoa.str1.4
                0x0000000010005fe4       0x15 CMakeFiles/picosserial.dir/home/olivier/pico/pico-sdk/src/rp2_common/pico_printf/printf.c.obj
 *fill*         0x0000000010005ff9        0x3 
 .rodata._vsnprintf
                0x0000000010005ffc      0x1e0 CMakeFiles/picosserial.dir/home/olivier/pico/pico-sdk/src/rp2_common/pico_printf/printf.c.obj
 *fill*         0x00000000100061dc        0x4 
 .rodata.pow10.0
                0x00000000100061e0       0x50 CMakeFiles/picosserial.dir/home/olivier/pico/pico-sdk/src/rp2_common/pico_printf/printf.c.obj
 .rodata.__aeabi_double_init.str1.4
                0x0000000010006230       0x9d CMakeFiles/picosserial.dir/home/olivier/pico/pico-sdk/src/rp2_common/pico_double/double_init_rom.c.obj
 *fill*         0x00000000100062cd        0x3 
 .rodata.__func__.0
                0x00000000100062d0       0x14 CMakeFiles/picosserial.dir/home/olivier/pico/pico-sdk/src/rp2_common/pico_double/double_init_rom.c.obj
 .rodata.__aeabi_float_init.str1.4
                0x00000000100062e4       0x7b CMakeFiles/picosserial.dir/home/olivier/pico/pico-sdk/src/rp2_common/pico_float/float_init_rom.c.obj
                                         0x7f (size before relaxing)
 *fill*         0x000000001000635f        0x1 
 .rodata.__func__.0
                0x0000000010006360       0x13 CMakeFiles/picosserial.dir/home/olivier/pico/pico-sdk/src/rp2_common/pico_float/float_init_rom.c.obj
 *fill*         0x0000000010006373        0x1 
 .rodata.str1.4
                0x0000000010006374       0x44 CMakeFiles/picosserial.dir/home/olivier/pico/pico-sdk/src/rp2_common/pico_standard_link/binary_info.c.obj
 .rodata.__bi_44
                0x00000000100063b8        0xc CMakeFiles/picosserial.dir/home/olivier/pico/pico-sdk/src/rp2_common/pico_standard_link/binary_info.c.obj
 .rodata.__bi_56
                0x00000000100063c4        0xc CMakeFiles/picosserial.dir/home/olivier/pico/pico-sdk/src/rp2_common/pico_standard_link/binary_info.c.obj
 .rodata.__bi_75
                0x00000000100063d0        0xc CMakeFiles/picosserial.dir/home/olivier/pico/pico-sdk/src/rp2_common/pico_standard_link/binary_info.c.obj
 .rodata.__bi_81
                0x00000000100063dc        0xc CMakeFiles/picosserial.dir/home/olivier/pico/pico-sdk/src/rp2_common/pico_standard_link/binary_info.c.obj
 .rodata.stdout_serialize_begin.str1.4
                0x00000000100063e8       0x62 CMakeFiles/picosserial.dir/home/olivier/pico/pico-sdk/src/rp2_common/pico_stdio/stdio.c.obj
 .rodata.__func__.3
                0x00000000100063e8       0x15 CMakeFiles/picosserial.dir/home/olivier/pico/pico-sdk/src/rp2_common/pico_stdio/stdio.c.obj
 *fill*         0x00000000100063fd        0x3 
 .rodata.crlf_str.2
                0x0000000010006400        0x2 CMakeFiles/picosserial.dir/home/olivier/pico/pico-sdk/src/rp2_common/pico_stdio/stdio.c.obj
 *fill*         0x0000000010006402        0x2 
 .rodata.str1.4
                0x0000000010006404       0x2c CMakeFiles/picosserial.dir/home/olivier/pico/pico-sdk/src/rp2_common/pico_stdio_uart/stdio_uart.c.obj
 .rodata.__bi_33.4
                0x0000000010006430        0xc CMakeFiles/picosserial.dir/home/olivier/pico/pico-sdk/src/rp2_common/pico_stdio_uart/stdio_uart.c.obj
 .rodata.__bi_34.5
                0x000000001000643c        0x8 CMakeFiles/picosserial.dir/home/olivier/pico/pico-sdk/src/rp2_common/pico_stdio_uart/stdio_uart.c.obj
 .rodata.str1.4
                0x0000000010006444      0x15a CMakeFiles/picosserial.dir/home/olivier/pico/pico-sdk/src/rp2_common/hardware_flash/flash.c.obj
 *fill*         0x000000001000659e        0x2 
 .rodata.__func__.0
                0x00000000100065a0        0xd CMakeFiles/picosserial.dir/home/olivier/pico/pico-sdk/src/rp2_common/hardware_flash/flash.c.obj
                0x00000000100065b0                . = ALIGN (0x4)
 *fill*         0x00000000100065ad        0x3 
 *(SORT_BY_ALIGNMENT(SORT_BY_NAME(.flashdata*)))
                0x00000000100065b0                . = ALIGN (0x4)

.ARM.extab
 *(.ARM.extab* .gnu.linkonce.armextab.*)
                0x00000000100065b0                __exidx_start = .

.ARM.exidx
 *(.ARM.exidx* .gnu.linkonce.armexidx.*)
                0x00000000100065b0                __exidx_end = .
                0x00000000100065b0                . = ALIGN (0x4)
                0x00000000100065b0                __binary_info_start = .

.binary_info    0x00000000100065b0       0x28
 *(.binary_info.keep.*)
 .binary_info.keep.__bi_ptr22
                0x00000000100065b0        0x4 CMakeFiles/picosserial.dir/home/olivier/pico/pico-sdk/src/rp2_common/pico_standard_link/binary_info.c.obj
 .binary_info.keep.__bi_ptr30
                0x00000000100065b4        0x4 CMakeFiles/picosserial.dir/home/olivier/pico/pico-sdk/src/rp2_common/pico_standard_link/binary_info.c.obj
 .binary_info.keep.__bi_ptr38
                0x00000000100065b8        0x4 CMakeFiles/picosserial.dir/home/olivier/pico/pico-sdk/src/rp2_common/pico_standard_link/binary_info.c.obj
 .binary_info.keep.__bi_ptr44
                0x00000000100065bc        0x4 CMakeFiles/picosserial.dir/home/olivier/pico/pico-sdk/src/rp2_common/pico_standard_link/binary_info.c.obj
 .binary_info.keep.__bi_ptr50
                0x00000000100065c0        0x4 CMakeFiles/picosserial.dir/home/olivier/pico/pico-sdk/src/rp2_common/pico_standard_link/binary_info.c.obj
 .binary_info.keep.__bi_ptr56
                0x00000000100065c4        0x4 CMakeFiles/picosserial.dir/home/olivier/pico/pico-sdk/src/rp2_common/pico_standard_link/binary_info.c.obj
 .binary_info.keep.__bi_ptr75
                0x00000000100065c8        0x4 CMakeFiles/picosserial.dir/home/olivier/pico/pico-sdk/src/rp2_common/pico_standard_link/binary_info.c.obj
 .binary_info.keep.__bi_ptr81
                0x00000000100065cc        0x4 CMakeFiles/picosserial.dir/home/olivier/pico/pico-sdk/src/rp2_common/pico_standard_link/binary_info.c.obj
 *(.binary_info.*)
 .binary_info.__bi_ptr33
                0x00000000100065d0        0x4 CMakeFiles/picosserial.dir/home/olivier/pico/pico-sdk/src/rp2_common/pico_stdio_uart/stdio_uart.c.obj
 .binary_info.__bi_ptr34
                0x00000000100065d4        0x4 CMakeFiles/picosserial.dir/home/olivier/pico/pico-sdk/src/rp2_common/pico_stdio_uart/stdio_uart.c.obj
                0x00000000100065d8                __binary_info_end = .

.rel.dyn        0x00000000100065d8        0x0
 .rel.iplt      0x00000000100065d8        0x0 /usr/lib/gcc/arm-none-eabi/10.3.1/thumb/v6-m/nofp/crtbegin.o
                0x00000000100065d8                . = ALIGN (0x4)

.ram_vector_table
                0x0000000020000000       0xc0
 *(.ram_vector_table)
 .ram_vector_table
                0x0000000020000000       0xc0 CMakeFiles/picosserial.dir/home/olivier/pico/pico-sdk/src/rp2_common/pico_runtime/runtime.c.obj
                0x0000000020000000                ram_vector_table

.data           0x00000000200000c0      0x598 load address 0x00000000100065d8
                0x00000000200000c0                __data_start__ = .
 *(vtable)
 *(.time_critical*)
 .time_critical.mutex_try_enter
                0x00000000200000c0       0x46 CMakeFiles/picosserial.dir/home/olivier/pico/pico-sdk/src/common/pico_sync/mutex.c.obj
                0x00000000200000c0                mutex_try_enter
 *fill*         0x0000000020000106        0x2 
 .time_critical.mutex_enter_block_until
                0x0000000020000108       0x8c CMakeFiles/picosserial.dir/home/olivier/pico/pico-sdk/src/common/pico_sync/mutex.c.obj
                0x0000000020000108                mutex_enter_block_until
 .time_critical.mutex_try_enter_block_until
                0x0000000020000194       0x34 CMakeFiles/picosserial.dir/home/olivier/pico/pico-sdk/src/common/pico_sync/mutex.c.obj
                0x0000000020000194                mutex_try_enter_block_until
 .time_critical.mutex_exit
                0x00000000200001c8       0x4c CMakeFiles/picosserial.dir/home/olivier/pico/pico-sdk/src/common/pico_sync/mutex.c.obj
                0x00000000200001c8                mutex_exit
 .time_critical.flash_init_boot2_copyout
                0x0000000020000214       0x30 CMakeFiles/picosserial.dir/home/olivier/pico/pico-sdk/src/rp2_common/hardware_flash/flash.c.obj
 .time_critical.flash_enable_xip_via_boot2
                0x0000000020000244       0x10 CMakeFiles/picosserial.dir/home/olivier/pico/pico-sdk/src/rp2_common/hardware_flash/flash.c.obj
 .time_critical.flash_cs_force
                0x0000000020000254       0x28 CMakeFiles/picosserial.dir/home/olivier/pico/pico-sdk/src/rp2_common/hardware_flash/flash.c.obj
 .time_critical.flash_do_cmd
                0x000000002000027c       0xd8 CMakeFiles/picosserial.dir/home/olivier/pico/pico-sdk/src/rp2_common/hardware_flash/flash.c.obj
                0x000000002000027c                flash_do_cmd
 *(.text*)
 .text          0x0000000020000354        0x4 /usr/lib/gcc/arm-none-eabi/10.3.1/thumb/v6-m/nofp/libgcc.a(_dvmd_tls.o)
                0x0000000020000354                __aeabi_ldiv0
                0x0000000020000354                __aeabi_idiv0
 .text.__stub   0x0000000020000358       0x20 linker stubs
                0x0000000020000378                . = ALIGN (0x4)
 *(.rodata*)
                0x0000000020000378                . = ALIGN (0x4)
 *(.data*)
 .data.pin_struct
                0x0000000020000378       0x68 CMakeFiles/picosserial.dir/picosserial.c.obj
                0x0000000020000378                pin_struct
 .data.adress_rxbuf
                0x00000000200003e0        0x4 CMakeFiles/picosserial.dir/sserial.c.obj
 .data.sserial_slave
                0x00000000200003e4      0x1ab CMakeFiles/picosserial.dir/sserial.c.obj
                0x00000000200003e4                sserial_slave
 .data.striped_spin_lock_num
                0x000000002000058f        0x1 CMakeFiles/picosserial.dir/home/olivier/pico/pico-sdk/src/rp2_common/hardware_sync/sync.c.obj
 .data          0x0000000020000590       0x48 CMakeFiles/picosserial.dir/home/olivier/pico/pico-sdk/src/rp2_common/hardware_irq/irq_handler_chain.S.obj
                0x0000000020000590                irq_handler_chain_slots
                0x00000000200005c0                irq_handler_chain_first_slot
                0x00000000200005ca                irq_handler_chain_remove_tail
 .data.default_alarm_pool
                0x00000000200005d8       0x18 CMakeFiles/picosserial.dir/home/olivier/pico/pico-sdk/src/common/pico_time/time.c.obj
 .data.default_alarm_pool_heap
                0x00000000200005f0       0x10 CMakeFiles/picosserial.dir/home/olivier/pico/pico-sdk/src/common/pico_time/time.c.obj
 .data.aeabi_bits_funcs
                0x0000000020000600       0x10 CMakeFiles/picosserial.dir/home/olivier/pico/pico-sdk/src/rp2_common/pico_bit_ops/bit_ops_aeabi.S.obj
                0x0000000020000600                aeabi_bits_funcs
                0x0000000020000610                aeabi_bits_funcs_end
 .data.aeabi_mem_funcs
                0x0000000020000610       0x10 CMakeFiles/picosserial.dir/home/olivier/pico/pico-sdk/src/rp2_common/pico_mem_ops/mem_ops_aeabi.S.obj
                0x0000000020000610                aeabi_mem_funcs
                0x0000000020000620                aeabi_mem_funcs_end
 .data.stdio_uart
                0x0000000020000620       0x18 CMakeFiles/picosserial.dir/home/olivier/pico/pico-sdk/src/rp2_common/pico_stdio_uart/stdio_uart.c.obj
                0x0000000020000620                stdio_uart
                0x0000000020000638                . = ALIGN (0x4)
 *(.after_data.*)
                0x0000000020000638                . = ALIGN (0x4)
                0x0000000020000638                PROVIDE (__mutex_array_start = .)
 *(SORT_BY_NAME(.mutex_array.*))
 *(.mutex_array)
 .mutex_array   0x0000000020000638        0x8 CMakeFiles/picosserial.dir/home/olivier/pico/pico-sdk/src/rp2_common/pico_stdio/stdio.c.obj
                0x0000000020000640                PROVIDE (__mutex_array_end = .)
                0x0000000020000640                . = ALIGN (0x4)
                0x0000000020000640                PROVIDE (__preinit_array_start = .)
 *(SORT_BY_NAME(.preinit_array.*))
 .preinit_array.00001
                0x0000000020000640        0x4 CMakeFiles/picosserial.dir/home/olivier/pico/pico-sdk/src/rp2_common/pico_mem_ops/mem_ops_aeabi.S.obj
 .preinit_array.00010
                0x0000000020000644        0x4 CMakeFiles/picosserial.dir/home/olivier/pico/pico-sdk/src/rp2_common/pico_bit_ops/bit_ops_aeabi.S.obj
 .preinit_array.00020
                0x0000000020000648        0x4 CMakeFiles/picosserial.dir/home/olivier/pico/pico-sdk/src/rp2_common/pico_double/double_aeabi.S.obj
 .preinit_array.00020
                0x000000002000064c        0x4 CMakeFiles/picosserial.dir/home/olivier/pico/pico-sdk/src/rp2_common/pico_float/float_aeabi.S.obj
 *(.preinit_array)
                0x0000000020000650                PROVIDE (__preinit_array_end = .)
                0x0000000020000650                . = ALIGN (0x4)
                0x0000000020000650                PROVIDE (__init_array_start = .)
 *(SORT_BY_NAME(.init_array.*))
 *(.init_array)
 .init_array    0x0000000020000650        0x4 /usr/lib/gcc/arm-none-eabi/10.3.1/thumb/v6-m/nofp/crtbegin.o
 .init_array    0x0000000020000654        0x4 CMakeFiles/picosserial.dir/home/olivier/pico/pico-sdk/src/rp2_common/pico_unique_id/unique_id.c.obj
                0x0000000020000658                PROVIDE (__init_array_end = .)
                0x0000000020000658                . = ALIGN (0x4)
                0x0000000020000658                PROVIDE (__fini_array_start = .)
 *(SORT_BY_NAME(.fini_array.*))
 *(.fini_array)
                0x0000000020000658                PROVIDE (__fini_array_end = .)
 *(.jcr)
                0x0000000020000658                . = ALIGN (0x4)
                0x0000000020000658                __data_end__ = .
                0x00000000100065d8                __etext = LOADADDR (.data)

.tm_clone_table
                0x0000000020000658        0x0 load address 0x0000000010006b70
 .tm_clone_table
                0x0000000020000658        0x0 /usr/lib/gcc/arm-none-eabi/10.3.1/thumb/v6-m/nofp/crtbegin.o
 .tm_clone_table
                0x0000000020000658        0x0 /usr/lib/gcc/arm-none-eabi/10.3.1/thumb/v6-m/nofp/crtend.o

.igot.plt       0x0000000020000658        0x0 load address 0x0000000010006b70
 .igot.plt      0x0000000020000658        0x0 /usr/lib/gcc/arm-none-eabi/10.3.1/thumb/v6-m/nofp/crtbegin.o

.uninitialized_data
                0x0000000020000658        0x0 load address 0x0000000010006b70
                0x0000000020000658                . = ALIGN (0x4)
 *(.uninitialized_data*)

.scratch_x      0x0000000020040000        0x0 load address 0x0000000010006b70
                0x0000000020040000                __scratch_x_start__ = .
 *(.scratch_x.*)
                0x0000000020040000                . = ALIGN (0x4)
                0x0000000020040000                __scratch_x_end__ = .
                0x0000000010006b70                __scratch_x_source__ = LOADADDR (.scratch_x)

.scratch_y      0x0000000020041000        0x0 load address 0x0000000010006b70
                0x0000000020041000                __scratch_y_start__ = .
 *(.scratch_y.*)
                0x0000000020041000                . = ALIGN (0x4)
                0x0000000020041000                __scratch_y_end__ = .
                0x0000000010006b70                __scratch_y_source__ = LOADADDR (.scratch_y)

.bss            0x0000000020000658      0x61c
                0x0000000020000658                . = ALIGN (0x4)
                0x0000000020000658                __bss_start__ = .
 *(SORT_BY_ALIGNMENT(SORT_BY_NAME(.bss*)))
 .bss.default_alarm_pool_entries
                0x0000000020000658      0x100 CMakeFiles/picosserial.dir/home/olivier/pico/pico-sdk/src/common/pico_time/time.c.obj
 .bss           0x0000000020000758       0x1c /usr/lib/gcc/arm-none-eabi/10.3.1/thumb/v6-m/nofp/crtbegin.o
 .bss.alarm_callbacks
                0x0000000020000774       0x10 CMakeFiles/picosserial.dir/home/olivier/pico/pico-sdk/src/rp2_common/hardware_timer/timer.c.obj
 .bss.block_bytes
                0x0000000020000784        0x4 CMakeFiles/picosserial.dir/sserial.c.obj
 .bss.boot2_copyout
                0x0000000020000788      0x100 CMakeFiles/picosserial.dir/home/olivier/pico/pico-sdk/src/rp2_common/hardware_flash/flash.c.obj
 .bss.chars_available_callback
                0x0000000020000888        0x4 CMakeFiles/picosserial.dir/home/olivier/pico/pico-sdk/src/rp2_common/pico_stdio_uart/stdio_uart.c.obj
 .bss.chars_available_param
                0x000000002000088c        0x4 CMakeFiles/picosserial.dir/home/olivier/pico/pico-sdk/src/rp2_common/pico_stdio_uart/stdio_uart.c.obj
 .bss.configured_freq
                0x0000000020000890       0x28 CMakeFiles/picosserial.dir/home/olivier/pico/pico-sdk/src/rp2_common/hardware_clocks/clocks.c.obj
 .bss.data_in   0x00000000200008b8        0xa CMakeFiles/picosserial.dir/sserial.c.obj
 *fill*         0x00000000200008c2        0x2 
 .bss.data_out  0x00000000200008c4        0x9 CMakeFiles/picosserial.dir/sserial.c.obj
 *fill*         0x00000000200008cd        0x3 
 .bss.default_alarm_pool_entry_ids_high
                0x00000000200008d0       0x10 CMakeFiles/picosserial.dir/home/olivier/pico/pico-sdk/src/common/pico_time/time.c.obj
 .bss.default_alarm_pool_heap_nodes
                0x00000000200008e0       0x30 CMakeFiles/picosserial.dir/home/olivier/pico/pico-sdk/src/common/pico_time/time.c.obj
 .bss.drivers   0x0000000020000910        0x4 CMakeFiles/picosserial.dir/home/olivier/pico/pico-sdk/src/rp2_common/pico_stdio/stdio.c.obj
 .bss.filter    0x0000000020000914        0x4 CMakeFiles/picosserial.dir/home/olivier/pico/pico-sdk/src/rp2_common/pico_stdio/stdio.c.obj
 .bss.lbp       0x0000000020000918        0x1 CMakeFiles/picosserial.dir/sserial.c.obj
 *fill*         0x0000000020000919        0x3 
 .bss.max_waste_ticks
                0x000000002000091c        0x4 CMakeFiles/picosserial.dir/sserial.c.obj
 .bss.pools     0x0000000020000920       0x10 CMakeFiles/picosserial.dir/home/olivier/pico/pico-sdk/src/common/pico_time/time.c.obj
 .bss.retrieved_id
                0x0000000020000930        0x8 CMakeFiles/picosserial.dir/home/olivier/pico/pico-sdk/src/rp2_common/pico_unique_id/unique_id.c.obj
 .bss.rxbuf     0x0000000020000938       0x80 CMakeFiles/picosserial.dir/sserial.c.obj
 .bss.rxpos     0x00000000200009b8        0x4 CMakeFiles/picosserial.dir/sserial.c.obj
 .bss.sd_table  0x00000000200009bc      0x100 CMakeFiles/picosserial.dir/home/olivier/pico/pico-sdk/src/rp2_common/pico_double/double_init_rom.c.obj
                0x00000000200009bc                sd_table
 .bss.sf_clz_func
                0x0000000020000abc        0x4 CMakeFiles/picosserial.dir/home/olivier/pico/pico-sdk/src/rp2_common/pico_double/double_init_rom.c.obj
                0x0000000020000abc                sf_clz_func
 .bss.sf_table  0x0000000020000ac0      0x100 CMakeFiles/picosserial.dir/home/olivier/pico/pico-sdk/src/rp2_common/pico_float/float_init_rom.c.obj
                0x0000000020000ac0                sf_table
 .bss.sleep_notifier
                0x0000000020000bc0        0x4 CMakeFiles/picosserial.dir/home/olivier/pico/pico-sdk/src/common/pico_time/time.c.obj
 .bss.target_hi
                0x0000000020000bc4       0x10 CMakeFiles/picosserial.dir/home/olivier/pico/pico-sdk/src/rp2_common/hardware_timer/timer.c.obj
 .bss.timeout   0x0000000020000bd4        0x4 CMakeFiles/picosserial.dir/sserial.c.obj
 .bss.txbuf     0x0000000020000bd8       0x80 CMakeFiles/picosserial.dir/sserial.c.obj
 .bss.uart_char_to_line_feed
                0x0000000020000c58        0x4 CMakeFiles/picosserial.dir/home/olivier/pico/pico-sdk/src/rp2_common/hardware_uart/uart.c.obj
                0x0000000020000c58                uart_char_to_line_feed
 .bss.uart_instance
                0x0000000020000c5c        0x4 CMakeFiles/picosserial.dir/home/olivier/pico/pico-sdk/src/rp2_common/pico_stdio_uart/stdio_uart.c.obj
 .bss.unit      0x0000000020000c60        0x4 CMakeFiles/picosserial.dir/sserial.c.obj
 .bss.unit_id   0x0000000020000c64        0x8 CMakeFiles/picosserial.dir/sserial.c.obj
 .bss.address   0x0000000020000c6c        0x2 CMakeFiles/picosserial.dir/sserial.c.obj
 .bss.boot2_copyout_valid
                0x0000000020000c6e        0x1 CMakeFiles/picosserial.dir/home/olivier/pico/pico-sdk/src/rp2_common/hardware_flash/flash.c.obj
 .bss.claimed   0x0000000020000c6f        0x1 CMakeFiles/picosserial.dir/home/olivier/pico/pico-sdk/src/rp2_common/hardware_timer/timer.c.obj
 .bss.irq_hander_chain_free_slot_head
                0x0000000020000c70        0x1 CMakeFiles/picosserial.dir/home/olivier/pico/pico-sdk/src/rp2_common/hardware_irq/irq.c.obj
 .bss.timer_callbacks_pending
                0x0000000020000c71        0x1 CMakeFiles/picosserial.dir/home/olivier/pico/pico-sdk/src/rp2_common/hardware_timer/timer.c.obj
 *(COMMON)
                0x0000000020000c74                . = ALIGN (0x4)
 *fill*         0x0000000020000c72        0x2 
                0x0000000020000c74                __bss_end__ = .

.heap           0x0000000020000c74      0x800
                0x0000000020000c74                __end__ = .
                0x0000000020000c74                end = __end__
 *(.heap*)
 .heap          0x0000000020000c74      0x800 CMakeFiles/picosserial.dir/home/olivier/pico/pico-sdk/src/rp2_common/pico_standard_link/crt0.S.obj
                0x0000000020001474                __HeapLimit = .

.stack1_dummy   0x0000000020040000        0x0
 *(.stack1*)

.stack_dummy    0x0000000020041000      0x800
 *(.stack*)
 .stack         0x0000000020041000      0x800 CMakeFiles/picosserial.dir/home/olivier/pico/pico-sdk/src/rp2_common/pico_standard_link/crt0.S.obj

.flash_end      0x0000000010006b70        0x0
                0x0000000010006b70                PROVIDE (__flash_binary_end = .)
                0x0000000020040000                __StackLimit = (ORIGIN (RAM) + LENGTH (RAM))
                0x0000000020041000                __StackOneTop = (ORIGIN (SCRATCH_X) + LENGTH (SCRATCH_X))
                0x0000000020042000                __StackTop = (ORIGIN (SCRATCH_Y) + LENGTH (SCRATCH_Y))
                0x0000000020041000                __StackOneBottom = (__StackOneTop - SIZEOF (.stack1_dummy))
                0x0000000020041800                __StackBottom = (__StackTop - SIZEOF (.stack_dummy))
                0x0000000020042000                PROVIDE (__stack = __StackTop)
                0x0000000000000001                ASSERT ((__StackLimit >= __HeapLimit), region RAM overflowed)
                0x0000000000000001                ASSERT (((__binary_info_header_end - __logical_binary_start) <= 0x100), Binary info must be in first 256 bytes of the binary)
LOAD CMakeFiles/picosserial.dir/picosserial.c.obj
LOAD CMakeFiles/picosserial.dir/sserial.c.obj
LOAD CMakeFiles/picosserial.dir/crc8.c.obj
LOAD CMakeFiles/picosserial.dir/home/olivier/pico/pico-sdk/src/rp2_common/pico_stdlib/stdlib.c.obj
LOAD CMakeFiles/picosserial.dir/home/olivier/pico/pico-sdk/src/rp2_common/hardware_gpio/gpio.c.obj
LOAD CMakeFiles/picosserial.dir/home/olivier/pico/pico-sdk/src/rp2_common/pico_platform/platform.c.obj
LOAD CMakeFiles/picosserial.dir/home/olivier/pico/pico-sdk/src/rp2_common/hardware_claim/claim.c.obj
LOAD CMakeFiles/picosserial.dir/home/olivier/pico/pico-sdk/src/rp2_common/hardware_sync/sync.c.obj
LOAD CMakeFiles/picosserial.dir/home/olivier/pico/pico-sdk/src/rp2_common/hardware_irq/irq.c.obj
LOAD CMakeFiles/picosserial.dir/home/olivier/pico/pico-sdk/src/rp2_common/hardware_irq/irq_handler_chain.S.obj
LOAD CMakeFiles/picosserial.dir/home/olivier/pico/pico-sdk/src/common/pico_sync/sem.c.obj
LOAD CMakeFiles/picosserial.dir/home/olivier/pico/pico-sdk/src/common/pico_sync/lock_core.c.obj
LOAD CMakeFiles/picosserial.dir/home/olivier/pico/pico-sdk/src/common/pico_sync/mutex.c.obj
LOAD CMakeFiles/picosserial.dir/home/olivier/pico/pico-sdk/src/common/pico_sync/critical_section.c.obj
LOAD CMakeFiles/picosserial.dir/home/olivier/pico/pico-sdk/src/common/pico_time/time.c.obj
LOAD CMakeFiles/picosserial.dir/home/olivier/pico/pico-sdk/src/common/pico_time/timeout_helper.c.obj
LOAD CMakeFiles/picosserial.dir/home/olivier/pico/pico-sdk/src/rp2_common/hardware_timer/timer.c.obj
LOAD CMakeFiles/picosserial.dir/home/olivier/pico/pico-sdk/src/common/pico_util/datetime.c.obj
LOAD CMakeFiles/picosserial.dir/home/olivier/pico/pico-sdk/src/common/pico_util/pheap.c.obj
LOAD CMakeFiles/picosserial.dir/home/olivier/pico/pico-sdk/src/common/pico_util/queue.c.obj
LOAD CMakeFiles/picosserial.dir/home/olivier/pico/pico-sdk/src/rp2_common/hardware_uart/uart.c.obj
LOAD CMakeFiles/picosserial.dir/home/olivier/pico/pico-sdk/src/rp2_common/hardware_clocks/clocks.c.obj
LOAD CMakeFiles/picosserial.dir/home/olivier/pico/pico-sdk/src/rp2_common/hardware_pll/pll.c.obj
LOAD CMakeFiles/picosserial.dir/home/olivier/pico/pico-sdk/src/rp2_common/hardware_vreg/vreg.c.obj
LOAD CMakeFiles/picosserial.dir/home/olivier/pico/pico-sdk/src/rp2_common/hardware_watchdog/watchdog.c.obj
LOAD CMakeFiles/picosserial.dir/home/olivier/pico/pico-sdk/src/rp2_common/hardware_xosc/xosc.c.obj
LOAD CMakeFiles/picosserial.dir/home/olivier/pico/pico-sdk/src/rp2_common/hardware_divider/divider.S.obj
LOAD CMakeFiles/picosserial.dir/home/olivier/pico/pico-sdk/src/rp2_common/pico_runtime/runtime.c.obj
LOAD CMakeFiles/picosserial.dir/home/olivier/pico/pico-sdk/src/rp2_common/pico_printf/printf.c.obj
LOAD CMakeFiles/picosserial.dir/home/olivier/pico/pico-sdk/src/rp2_common/pico_bit_ops/bit_ops_aeabi.S.obj
LOAD CMakeFiles/picosserial.dir/home/olivier/pico/pico-sdk/src/rp2_common/pico_bootrom/bootrom.c.obj
LOAD CMakeFiles/picosserial.dir/home/olivier/pico/pico-sdk/src/rp2_common/pico_divider/divider.S.obj
LOAD CMakeFiles/picosserial.dir/home/olivier/pico/pico-sdk/src/rp2_common/pico_double/double_aeabi.S.obj
LOAD CMakeFiles/picosserial.dir/home/olivier/pico/pico-sdk/src/rp2_common/pico_double/double_init_rom.c.obj
LOAD CMakeFiles/picosserial.dir/home/olivier/pico/pico-sdk/src/rp2_common/pico_double/double_math.c.obj
LOAD CMakeFiles/picosserial.dir/home/olivier/pico/pico-sdk/src/rp2_common/pico_double/double_v1_rom_shim.S.obj
LOAD CMakeFiles/picosserial.dir/home/olivier/pico/pico-sdk/src/rp2_common/pico_int64_ops/pico_int64_ops_aeabi.S.obj
LOAD CMakeFiles/picosserial.dir/home/olivier/pico/pico-sdk/src/rp2_common/pico_float/float_aeabi.S.obj
LOAD CMakeFiles/picosserial.dir/home/olivier/pico/pico-sdk/src/rp2_common/pico_float/float_init_rom.c.obj
LOAD CMakeFiles/picosserial.dir/home/olivier/pico/pico-sdk/src/rp2_common/pico_float/float_math.c.obj
LOAD CMakeFiles/picosserial.dir/home/olivier/pico/pico-sdk/src/rp2_common/pico_float/float_v1_rom_shim.S.obj
LOAD CMakeFiles/picosserial.dir/home/olivier/pico/pico-sdk/src/rp2_common/pico_malloc/pico_malloc.c.obj
LOAD CMakeFiles/picosserial.dir/home/olivier/pico/pico-sdk/src/rp2_common/pico_mem_ops/mem_ops_aeabi.S.obj
LOAD CMakeFiles/picosserial.dir/home/olivier/pico/pico-sdk/src/rp2_common/pico_standard_link/crt0.S.obj
LOAD CMakeFiles/picosserial.dir/home/olivier/pico/pico-sdk/src/rp2_common/pico_standard_link/new_delete.cpp.obj
LOAD CMakeFiles/picosserial.dir/home/olivier/pico/pico-sdk/src/rp2_common/pico_standard_link/binary_info.c.obj
LOAD CMakeFiles/picosserial.dir/home/olivier/pico/pico-sdk/src/rp2_common/pico_stdio/stdio.c.obj
LOAD CMakeFiles/picosserial.dir/home/olivier/pico/pico-sdk/src/rp2_common/pico_stdio_uart/stdio_uart.c.obj
LOAD CMakeFiles/picosserial.dir/home/olivier/pico/pico-sdk/src/rp2_common/pico_unique_id/unique_id.c.obj
LOAD CMakeFiles/picosserial.dir/home/olivier/pico/pico-sdk/src/rp2_common/hardware_flash/flash.c.obj
LOAD CMakeFiles/picosserial.dir/home/olivier/pico/pico-sdk/src/rp2_common/hardware_dma/dma.c.obj
LOAD /tmp/ccFSO7HJ.o
LOAD /usr/lib/gcc/arm-none-eabi/10.3.1/../../../arm-none-eabi/lib/thumb/v6-m/nofp/libstdc++.a
LOAD /usr/lib/gcc/arm-none-eabi/10.3.1/../../../arm-none-eabi/lib/thumb/v6-m/nofp/libm.a
START GROUP
LOAD /usr/lib/gcc/arm-none-eabi/10.3.1/thumb/v6-m/nofp/libgcc.a
LOAD /usr/lib/gcc/arm-none-eabi/10.3.1/../../../arm-none-eabi/lib/thumb/v6-m/nofp/libg.a
LOAD /usr/lib/gcc/arm-none-eabi/10.3.1/../../../arm-none-eabi/lib/thumb/v6-m/nofp/libc.a
END GROUP
START GROUP
LOAD /usr/lib/gcc/arm-none-eabi/10.3.1/thumb/v6-m/nofp/libgcc.a
LOAD /usr/lib/gcc/arm-none-eabi/10.3.1/../../../arm-none-eabi/lib/thumb/v6-m/nofp/libc.a
LOAD /usr/lib/gcc/arm-none-eabi/10.3.1/../../../arm-none-eabi/lib/thumb/v6-m/nofp/libnosys.a
END GROUP
LOAD /usr/lib/gcc/arm-none-eabi/10.3.1/thumb/v6-m/nofp/crtend.o
LOAD /usr/lib/gcc/arm-none-eabi/10.3.1/thumb/v6-m/nofp/crtn.o
OUTPUT(picosserial.elf elf32-littlearm)
LOAD linker stubs

.ARM.attributes
                0x0000000000000000       0x28
 .ARM.attributes
                0x0000000000000000       0x1e /usr/lib/gcc/arm-none-eabi/10.3.1/thumb/v6-m/nofp/crti.o
 .ARM.attributes
                0x000000000000001e       0x2c /usr/lib/gcc/arm-none-eabi/10.3.1/thumb/v6-m/nofp/crtbegin.o
 .ARM.attributes
                0x000000000000004a       0x2c CMakeFiles/picosserial.dir/picosserial.c.obj
 .ARM.attributes
                0x0000000000000076       0x2c CMakeFiles/picosserial.dir/sserial.c.obj
 .ARM.attributes
                0x00000000000000a2       0x2c CMakeFiles/picosserial.dir/crc8.c.obj
 .ARM.attributes
                0x00000000000000ce       0x2c CMakeFiles/picosserial.dir/home/olivier/pico/pico-sdk/src/rp2_common/hardware_gpio/gpio.c.obj
 .ARM.attributes
                0x00000000000000fa       0x2c CMakeFiles/picosserial.dir/home/olivier/pico/pico-sdk/src/rp2_common/pico_platform/platform.c.obj
 .ARM.attributes
                0x0000000000000126       0x2c CMakeFiles/picosserial.dir/home/olivier/pico/pico-sdk/src/rp2_common/hardware_claim/claim.c.obj
 .ARM.attributes
                0x0000000000000152       0x2c CMakeFiles/picosserial.dir/home/olivier/pico/pico-sdk/src/rp2_common/hardware_sync/sync.c.obj
 .ARM.attributes
                0x000000000000017e       0x2c CMakeFiles/picosserial.dir/home/olivier/pico/pico-sdk/src/rp2_common/hardware_irq/irq.c.obj
 .ARM.attributes
                0x00000000000001aa       0x22 CMakeFiles/picosserial.dir/home/olivier/pico/pico-sdk/src/rp2_common/hardware_irq/irq_handler_chain.S.obj
 .ARM.attributes
                0x00000000000001cc       0x2c CMakeFiles/picosserial.dir/home/olivier/pico/pico-sdk/src/common/pico_sync/lock_core.c.obj
 .ARM.attributes
                0x00000000000001f8       0x2c CMakeFiles/picosserial.dir/home/olivier/pico/pico-sdk/src/common/pico_sync/mutex.c.obj
 .ARM.attributes
                0x0000000000000224       0x2c CMakeFiles/picosserial.dir/home/olivier/pico/pico-sdk/src/common/pico_time/time.c.obj
 .ARM.attributes
                0x0000000000000250       0x2c CMakeFiles/picosserial.dir/home/olivier/pico/pico-sdk/src/rp2_common/hardware_timer/timer.c.obj
 .ARM.attributes
                0x000000000000027c       0x2c CMakeFiles/picosserial.dir/home/olivier/pico/pico-sdk/src/common/pico_util/pheap.c.obj
 .ARM.attributes
                0x00000000000002a8       0x2c CMakeFiles/picosserial.dir/home/olivier/pico/pico-sdk/src/rp2_common/hardware_uart/uart.c.obj
 .ARM.attributes
                0x00000000000002d4       0x2c CMakeFiles/picosserial.dir/home/olivier/pico/pico-sdk/src/rp2_common/hardware_clocks/clocks.c.obj
 .ARM.attributes
                0x0000000000000300       0x2c CMakeFiles/picosserial.dir/home/olivier/pico/pico-sdk/src/rp2_common/hardware_pll/pll.c.obj
 .ARM.attributes
                0x000000000000032c       0x2c CMakeFiles/picosserial.dir/home/olivier/pico/pico-sdk/src/rp2_common/hardware_watchdog/watchdog.c.obj
 .ARM.attributes
                0x0000000000000358       0x2c CMakeFiles/picosserial.dir/home/olivier/pico/pico-sdk/src/rp2_common/hardware_xosc/xosc.c.obj
 .ARM.attributes
                0x0000000000000384       0x2c CMakeFiles/picosserial.dir/home/olivier/pico/pico-sdk/src/rp2_common/pico_runtime/runtime.c.obj
 .ARM.attributes
                0x00000000000003b0       0x2c CMakeFiles/picosserial.dir/home/olivier/pico/pico-sdk/src/rp2_common/pico_printf/printf.c.obj
 .ARM.attributes
                0x00000000000003dc       0x22 CMakeFiles/picosserial.dir/home/olivier/pico/pico-sdk/src/rp2_common/pico_bit_ops/bit_ops_aeabi.S.obj
 .ARM.attributes
                0x00000000000003fe       0x2c CMakeFiles/picosserial.dir/home/olivier/pico/pico-sdk/src/rp2_common/pico_bootrom/bootrom.c.obj
 .ARM.attributes
                0x000000000000042a       0x22 CMakeFiles/picosserial.dir/home/olivier/pico/pico-sdk/src/rp2_common/pico_divider/divider.S.obj
 .ARM.attributes
                0x000000000000044c       0x22 CMakeFiles/picosserial.dir/home/olivier/pico/pico-sdk/src/rp2_common/pico_double/double_aeabi.S.obj
 .ARM.attributes
                0x000000000000046e       0x2c CMakeFiles/picosserial.dir/home/olivier/pico/pico-sdk/src/rp2_common/pico_double/double_init_rom.c.obj
 .ARM.attributes
                0x000000000000049a       0x22 CMakeFiles/picosserial.dir/home/olivier/pico/pico-sdk/src/rp2_common/pico_double/double_v1_rom_shim.S.obj
 .ARM.attributes
                0x00000000000004bc       0x22 CMakeFiles/picosserial.dir/home/olivier/pico/pico-sdk/src/rp2_common/pico_float/float_aeabi.S.obj
 .ARM.attributes
                0x00000000000004de       0x2c CMakeFiles/picosserial.dir/home/olivier/pico/pico-sdk/src/rp2_common/pico_float/float_init_rom.c.obj
 .ARM.attributes
                0x000000000000050a       0x22 CMakeFiles/picosserial.dir/home/olivier/pico/pico-sdk/src/rp2_common/pico_float/float_v1_rom_shim.S.obj
 .ARM.attributes
                0x000000000000052c       0x22 CMakeFiles/picosserial.dir/home/olivier/pico/pico-sdk/src/rp2_common/pico_mem_ops/mem_ops_aeabi.S.obj
 .ARM.attributes
                0x000000000000054e       0x22 CMakeFiles/picosserial.dir/home/olivier/pico/pico-sdk/src/rp2_common/pico_standard_link/crt0.S.obj
 .ARM.attributes
                0x0000000000000570       0x32 CMakeFiles/picosserial.dir/home/olivier/pico/pico-sdk/src/rp2_common/pico_standard_link/binary_info.c.obj
 .ARM.attributes
                0x00000000000005a2       0x2c CMakeFiles/picosserial.dir/home/olivier/pico/pico-sdk/src/rp2_common/pico_stdio/stdio.c.obj
 .ARM.attributes
                0x00000000000005ce       0x2c CMakeFiles/picosserial.dir/home/olivier/pico/pico-sdk/src/rp2_common/pico_stdio_uart/stdio_uart.c.obj
 .ARM.attributes
                0x00000000000005fa       0x2c CMakeFiles/picosserial.dir/home/olivier/pico/pico-sdk/src/rp2_common/pico_unique_id/unique_id.c.obj
 .ARM.attributes
                0x0000000000000626       0x2c CMakeFiles/picosserial.dir/home/olivier/pico/pico-sdk/src/rp2_common/hardware_flash/flash.c.obj
 .ARM.attributes
                0x0000000000000652       0x22 /tmp/ccFSO7HJ.o
 .ARM.attributes
                0x0000000000000674       0x1e /usr/lib/gcc/arm-none-eabi/10.3.1/thumb/v6-m/nofp/libgcc.a(_dvmd_tls.o)
 .ARM.attributes
                0x0000000000000692       0x2c /usr/lib/gcc/arm-none-eabi/10.3.1/../../../arm-none-eabi/lib/thumb/v6-m/nofp/libg.a(lib_a-strlen-stub.o)
 .ARM.attributes
                0x00000000000006be       0x2c /usr/lib/gcc/arm-none-eabi/10.3.1/thumb/v6-m/nofp/crtend.o

.comment        0x0000000000000000       0x33
 .comment       0x0000000000000000       0x33 /usr/lib/gcc/arm-none-eabi/10.3.1/thumb/v6-m/nofp/crtbegin.o
                                         0x34 (size before relaxing)
 .comment       0x0000000000000033       0x34 CMakeFiles/picosserial.dir/picosserial.c.obj
 .comment       0x0000000000000033       0x34 CMakeFiles/picosserial.dir/sserial.c.obj
 .comment       0x0000000000000033       0x34 CMakeFiles/picosserial.dir/crc8.c.obj
 .comment       0x0000000000000033       0x34 CMakeFiles/picosserial.dir/home/olivier/pico/pico-sdk/src/rp2_common/hardware_gpio/gpio.c.obj
 .comment       0x0000000000000033       0x34 CMakeFiles/picosserial.dir/home/olivier/pico/pico-sdk/src/rp2_common/pico_platform/platform.c.obj
 .comment       0x0000000000000033       0x34 CMakeFiles/picosserial.dir/home/olivier/pico/pico-sdk/src/rp2_common/hardware_claim/claim.c.obj
 .comment       0x0000000000000033       0x34 CMakeFiles/picosserial.dir/home/olivier/pico/pico-sdk/src/rp2_common/hardware_sync/sync.c.obj
 .comment       0x0000000000000033       0x34 CMakeFiles/picosserial.dir/home/olivier/pico/pico-sdk/src/rp2_common/hardware_irq/irq.c.obj
 .comment       0x0000000000000033       0x34 CMakeFiles/picosserial.dir/home/olivier/pico/pico-sdk/src/common/pico_sync/lock_core.c.obj
 .comment       0x0000000000000033       0x34 CMakeFiles/picosserial.dir/home/olivier/pico/pico-sdk/src/common/pico_sync/mutex.c.obj
 .comment       0x0000000000000033       0x34 CMakeFiles/picosserial.dir/home/olivier/pico/pico-sdk/src/common/pico_time/time.c.obj
 .comment       0x0000000000000033       0x34 CMakeFiles/picosserial.dir/home/olivier/pico/pico-sdk/src/rp2_common/hardware_timer/timer.c.obj
 .comment       0x0000000000000033       0x34 CMakeFiles/picosserial.dir/home/olivier/pico/pico-sdk/src/common/pico_util/pheap.c.obj
 .comment       0x0000000000000033       0x34 CMakeFiles/picosserial.dir/home/olivier/pico/pico-sdk/src/rp2_common/hardware_uart/uart.c.obj
 .comment       0x0000000000000033       0x34 CMakeFiles/picosserial.dir/home/olivier/pico/pico-sdk/src/rp2_common/hardware_clocks/clocks.c.obj
 .comment       0x0000000000000033       0x34 CMakeFiles/picosserial.dir/home/olivier/pico/pico-sdk/src/rp2_common/hardware_pll/pll.c.obj
 .comment       0x0000000000000033       0x34 CMakeFiles/picosserial.dir/home/olivier/pico/pico-sdk/src/rp2_common/hardware_watchdog/watchdog.c.obj
 .comment       0x0000000000000033       0x34 CMakeFiles/picosserial.dir/home/olivier/pico/pico-sdk/src/rp2_common/hardware_xosc/xosc.c.obj
 .comment       0x0000000000000033       0x34 CMakeFiles/picosserial.dir/home/olivier/pico/pico-sdk/src/rp2_common/pico_runtime/runtime.c.obj
 .comment       0x0000000000000033       0x34 CMakeFiles/picosserial.dir/home/olivier/pico/pico-sdk/src/rp2_common/pico_printf/printf.c.obj
 .comment       0x0000000000000033       0x34 CMakeFiles/picosserial.dir/home/olivier/pico/pico-sdk/src/rp2_common/pico_bootrom/bootrom.c.obj
 .comment       0x0000000000000033       0x34 CMakeFiles/picosserial.dir/home/olivier/pico/pico-sdk/src/rp2_common/pico_double/double_init_rom.c.obj
 .comment       0x0000000000000033       0x34 CMakeFiles/picosserial.dir/home/olivier/pico/pico-sdk/src/rp2_common/pico_float/float_init_rom.c.obj
 .comment       0x0000000000000033       0x34 CMakeFiles/picosserial.dir/home/olivier/pico/pico-sdk/src/rp2_common/pico_standard_link/binary_info.c.obj
 .comment       0x0000000000000033       0x34 CMakeFiles/picosserial.dir/home/olivier/pico/pico-sdk/src/rp2_common/pico_stdio/stdio.c.obj
 .comment       0x0000000000000033       0x34 CMakeFiles/picosserial.dir/home/olivier/pico/pico-sdk/src/rp2_common/pico_stdio_uart/stdio_uart.c.obj
 .comment       0x0000000000000033       0x34 CMakeFiles/picosserial.dir/home/olivier/pico/pico-sdk/src/rp2_common/pico_unique_id/unique_id.c.obj
 .comment       0x0000000000000033       0x34 CMakeFiles/picosserial.dir/home/olivier/pico/pico-sdk/src/rp2_common/hardware_flash/flash.c.obj
 .comment       0x0000000000000033       0x34 /usr/lib/gcc/arm-none-eabi/10.3.1/../../../arm-none-eabi/lib/thumb/v6-m/nofp/libg.a(lib_a-strlen-stub.o)
 .comment       0x0000000000000033       0x34 /usr/lib/gcc/arm-none-eabi/10.3.1/thumb/v6-m/nofp/crtend.o

.debug_info     0x0000000000000000    0x19bba
 .debug_info    0x0000000000000000      0x906 CMakeFiles/picosserial.dir/picosserial.c.obj
 .debug_info    0x0000000000000906     0x2c12 CMakeFiles/picosserial.dir/sserial.c.obj
 .debug_info    0x0000000000003518      0x1b8 CMakeFiles/picosserial.dir/crc8.c.obj
 .debug_info    0x00000000000036d0     0x185a CMakeFiles/picosserial.dir/home/olivier/pico/pico-sdk/src/rp2_common/hardware_gpio/gpio.c.obj
 .debug_info    0x0000000000004f2a      0x1cb CMakeFiles/picosserial.dir/home/olivier/pico/pico-sdk/src/rp2_common/pico_platform/platform.c.obj
 .debug_info    0x00000000000050f5      0x6a6 CMakeFiles/picosserial.dir/home/olivier/pico/pico-sdk/src/rp2_common/hardware_claim/claim.c.obj
 .debug_info    0x000000000000579b      0x576 CMakeFiles/picosserial.dir/home/olivier/pico/pico-sdk/src/rp2_common/hardware_sync/sync.c.obj
 .debug_info    0x0000000000005d11     0x1c56 CMakeFiles/picosserial.dir/home/olivier/pico/pico-sdk/src/rp2_common/hardware_irq/irq.c.obj